<?xml version="1.0" encoding="ISO-8859-1" ?>
<link_info>
   <banner>TI ARM Linker PC v18.1.4.LTS</banner>
   <copyright>Copyright (c) 1996-2018 Texas Instruments Incorporated</copyright>
   <link_time>0x5cf635a1</link_time>
   <link_errors>0x0</link_errors>
   <output_file>uP_project_20175101_csp.out</output_file>
   <entry_point>
      <name>_c_int00_noargs</name>
      <address>0x1bb1</address>
   </entry_point>
   <input_file_list>
      <input_file id="fl-2">
         <path>.\</path>
         <kind>object</kind>
         <file>lcd1602_drv.obj</file>
         <name>lcd1602_drv.obj</name>
      </input_file>
      <input_file id="fl-3">
         <path>.\</path>
         <kind>object</kind>
         <file>main.obj</file>
         <name>main.obj</name>
      </input_file>
      <input_file id="fl-4">
         <path>.\</path>
         <kind>object</kind>
         <file>tm4c1294ncpdt_startup_ccs.obj</file>
         <name>tm4c1294ncpdt_startup_ccs.obj</name>
      </input_file>
      <input_file id="fl-5">
         <path>.\</path>
         <kind>object</kind>
         <file>uartstdio.obj</file>
         <name>uartstdio.obj</name>
      </input_file>
      <input_file id="fl-a">
         <kind>object</kind>
         <file>&lt;internal&gt;</file>
         <name>&lt;internal&gt;</name>
      </input_file>
      <input_file id="fl-c0">
         <path>C:\ti\ccsv8\tools\compiler\ti-cgt-arm_18.1.4.LTS\lib\</path>
         <kind>archive</kind>
         <file>rtsv7M4_T_le_v4SPD16_eabi.lib</file>
         <name>u_divt2.asm.obj</name>
      </input_file>
      <input_file id="fl-c1">
         <path>C:\ti\ccsv8\tools\compiler\ti-cgt-arm_18.1.4.LTS\lib\</path>
         <kind>archive</kind>
         <file>rtsv7M4_T_le_v4SPD16_eabi.lib</file>
         <name>fd_add_t2.asm.obj</name>
      </input_file>
      <input_file id="fl-c2">
         <path>C:\ti\ccsv8\tools\compiler\ti-cgt-arm_18.1.4.LTS\lib\</path>
         <kind>archive</kind>
         <file>rtsv7M4_T_le_v4SPD16_eabi.lib</file>
         <name>fd_mul_t2.asm.obj</name>
      </input_file>
      <input_file id="fl-c3">
         <path>C:\ti\ccsv8\tools\compiler\ti-cgt-arm_18.1.4.LTS\lib\</path>
         <kind>archive</kind>
         <file>rtsv7M4_T_le_v4SPD16_eabi.lib</file>
         <name>fd_toi_t2.asm.obj</name>
      </input_file>
      <input_file id="fl-c4">
         <path>C:\ti\ccsv8\tools\compiler\ti-cgt-arm_18.1.4.LTS\lib\</path>
         <kind>archive</kind>
         <file>rtsv7M4_T_le_v4SPD16_eabi.lib</file>
         <name>fd_tou_t2.asm.obj</name>
      </input_file>
      <input_file id="fl-c5">
         <path>C:\ti\ccsv8\tools\compiler\ti-cgt-arm_18.1.4.LTS\lib\</path>
         <kind>archive</kind>
         <file>rtsv7M4_T_le_v4SPD16_eabi.lib</file>
         <name>i_tofd_t2.asm.obj</name>
      </input_file>
      <input_file id="fl-c6">
         <path>C:\ti\ccsv8\tools\compiler\ti-cgt-arm_18.1.4.LTS\lib\</path>
         <kind>archive</kind>
         <file>rtsv7M4_T_le_v4SPD16_eabi.lib</file>
         <name>u_tofd_t2.asm.obj</name>
      </input_file>
      <input_file id="fl-c7">
         <path>C:\ti\ccsv8\tools\compiler\ti-cgt-arm_18.1.4.LTS\lib\</path>
         <kind>archive</kind>
         <file>rtsv7M4_T_le_v4SPD16_eabi.lib</file>
         <name>copy_zero_init.c.obj</name>
      </input_file>
      <input_file id="fl-c8">
         <path>C:\ti\ccsv8\tools\compiler\ti-cgt-arm_18.1.4.LTS\lib\</path>
         <kind>archive</kind>
         <file>rtsv7M4_T_le_v4SPD16_eabi.lib</file>
         <name>copy_decompress_none.c.obj</name>
      </input_file>
      <input_file id="fl-c9">
         <path>C:\ti\ccsv8\tools\compiler\ti-cgt-arm_18.1.4.LTS\lib\</path>
         <kind>archive</kind>
         <file>rtsv7M4_T_le_v4SPD16_eabi.lib</file>
         <name>copy_decompress_lzss.c.obj</name>
      </input_file>
      <input_file id="fl-ca">
         <path>C:\ti\ccsv8\tools\compiler\ti-cgt-arm_18.1.4.LTS\lib\</path>
         <kind>archive</kind>
         <file>rtsv7M4_T_le_v4SPD16_eabi.lib</file>
         <name>boot_cortex_m.c.obj</name>
      </input_file>
      <input_file id="fl-cb">
         <path>C:\ti\ccsv8\tools\compiler\ti-cgt-arm_18.1.4.LTS\lib\</path>
         <kind>archive</kind>
         <file>rtsv7M4_T_le_v4SPD16_eabi.lib</file>
         <name>exit.c.obj</name>
      </input_file>
      <input_file id="fl-cc">
         <path>C:\ti\ccsv8\tools\compiler\ti-cgt-arm_18.1.4.LTS\lib\</path>
         <kind>archive</kind>
         <file>rtsv7M4_T_le_v4SPD16_eabi.lib</file>
         <name>_lock.c.obj</name>
      </input_file>
      <input_file id="fl-cd">
         <path>C:\ti\ccsv8\tools\compiler\ti-cgt-arm_18.1.4.LTS\lib\</path>
         <kind>archive</kind>
         <file>rtsv7M4_T_le_v4SPD16_eabi.lib</file>
         <name>args_main.c.obj</name>
      </input_file>
      <input_file id="fl-ce">
         <path>C:\ti\ccsv8\tools\compiler\ti-cgt-arm_18.1.4.LTS\lib\</path>
         <kind>archive</kind>
         <file>rtsv7M4_T_le_v4SPD16_eabi.lib</file>
         <name>div0.asm.obj</name>
      </input_file>
      <input_file id="fl-cf">
         <path>C:\ti\ccsv8\tools\compiler\ti-cgt-arm_18.1.4.LTS\lib\</path>
         <kind>archive</kind>
         <file>rtsv7M4_T_le_v4SPD16_eabi.lib</file>
         <name>memcpy_t2.asm.obj</name>
      </input_file>
      <input_file id="fl-d0">
         <path>C:\ti\ccsv8\tools\compiler\ti-cgt-arm_18.1.4.LTS\lib\</path>
         <kind>archive</kind>
         <file>rtsv7M4_T_le_v4SPD16_eabi.lib</file>
         <name>memset_t2.asm.obj</name>
      </input_file>
      <input_file id="fl-d1">
         <path>C:\ti\ccsv8\tools\compiler\ti-cgt-arm_18.1.4.LTS\lib\</path>
         <kind>archive</kind>
         <file>rtsv7M4_T_le_v4SPD16_eabi.lib</file>
         <name>autoinit.c.obj</name>
      </input_file>
      <input_file id="fl-d2">
         <path>C:\ti\ccsv8\tools\compiler\ti-cgt-arm_18.1.4.LTS\lib\</path>
         <kind>archive</kind>
         <file>rtsv7M4_T_le_v4SPD16_eabi.lib</file>
         <name>pre_init.c.obj</name>
      </input_file>
      <input_file id="fl-d3">
         <path>C:\ti\ccsv8\tools\compiler\ti-cgt-arm_18.1.4.LTS\lib\</path>
         <kind>archive</kind>
         <file>rtsv7M4_T_le_v4SPD16_eabi.lib</file>
         <name>cpy_tbl.c.obj</name>
      </input_file>
      <input_file id="fl-d4">
         <path>C:\ti\driverlib\ccs\Debug\</path>
         <kind>archive</kind>
         <file>driverlib.lib</file>
         <name>adc.obj</name>
      </input_file>
      <input_file id="fl-d5">
         <path>C:\ti\driverlib\ccs\Debug\</path>
         <kind>archive</kind>
         <file>driverlib.lib</file>
         <name>gpio.obj</name>
      </input_file>
      <input_file id="fl-d6">
         <path>C:\ti\driverlib\ccs\Debug\</path>
         <kind>archive</kind>
         <file>driverlib.lib</file>
         <name>interrupt.obj</name>
      </input_file>
      <input_file id="fl-d7">
         <path>C:\ti\driverlib\ccs\Debug\</path>
         <kind>archive</kind>
         <file>driverlib.lib</file>
         <name>pwm.obj</name>
      </input_file>
      <input_file id="fl-d8">
         <path>C:\ti\driverlib\ccs\Debug\</path>
         <kind>archive</kind>
         <file>driverlib.lib</file>
         <name>sysctl.obj</name>
      </input_file>
      <input_file id="fl-d9">
         <path>C:\ti\driverlib\ccs\Debug\</path>
         <kind>archive</kind>
         <file>driverlib.lib</file>
         <name>timer.obj</name>
      </input_file>
      <input_file id="fl-da">
         <path>C:\ti\driverlib\ccs\Debug\</path>
         <kind>archive</kind>
         <file>driverlib.lib</file>
         <name>uart.obj</name>
      </input_file>
      <input_file id="fl-db">
         <path>C:\ti\driverlib\ccs\Debug\</path>
         <kind>archive</kind>
         <file>driverlib.lib</file>
         <name>cpu.obj</name>
      </input_file>
   </input_file_list>
   <object_component_list>
      <object_component id="oc-f">
         <name>.intvecs</name>
         <load_address>0x0</load_address>
         <run_address>0x0</run_address>
         <size>0x208</size>
         <input_file_ref idref="fl-4"/>
      </object_component>
      <object_component id="oc-2a">
         <name>.text</name>
         <load_address>0x208</load_address>
         <run_address>0x208</run_address>
         <size>0x7b8</size>
         <input_file_ref idref="fl-3"/>
      </object_component>
      <object_component id="oc-a2">
         <name>.text</name>
         <load_address>0x9c0</load_address>
         <run_address>0x9c0</run_address>
         <size>0x49c</size>
         <input_file_ref idref="fl-5"/>
      </object_component>
      <object_component id="oc-a8">
         <name>.text</name>
         <load_address>0xe5c</load_address>
         <run_address>0xe5c</run_address>
         <size>0x228</size>
         <input_file_ref idref="fl-2"/>
      </object_component>
      <object_component id="oc-c6">
         <name>.text:SysCtlClockFreqSet</name>
         <load_address>0x1084</load_address>
         <run_address>0x1084</run_address>
         <size>0x200</size>
         <input_file_ref idref="fl-d8"/>
      </object_component>
      <object_component id="oc-92">
         <name>.text</name>
         <load_address>0x1284</load_address>
         <run_address>0x1284</run_address>
         <size>0x1b6</size>
         <input_file_ref idref="fl-c1"/>
      </object_component>
      <object_component id="oc-140">
         <name>.text:GPIOPadConfigSet</name>
         <load_address>0x143a</load_address>
         <run_address>0x143a</run_address>
         <size>0x132</size>
         <input_file_ref idref="fl-d5"/>
      </object_component>
      <object_component id="oc-97">
         <name>.text</name>
         <load_address>0x156c</load_address>
         <run_address>0x156c</run_address>
         <size>0xfc</size>
         <input_file_ref idref="fl-c2"/>
      </object_component>
      <object_component id="oc-3e">
         <name>.text</name>
         <load_address>0x1668</load_address>
         <run_address>0x1668</run_address>
         <size>0x9c</size>
         <input_file_ref idref="fl-cf"/>
      </object_component>
      <object_component id="oc-11c">
         <name>.text:ADCSequenceStepConfigure</name>
         <load_address>0x1704</load_address>
         <run_address>0x1704</run_address>
         <size>0x7a</size>
         <input_file_ref idref="fl-d4"/>
      </object_component>
      <object_component id="oc-2d8">
         <name>.text</name>
         <load_address>0x177e</load_address>
         <run_address>0x177e</run_address>
         <size>0x2</size>
         <input_file_ref idref="fl-ce"/>
      </object_component>
      <object_component id="oc-16a">
         <name>.text:IntEnable</name>
         <load_address>0x1780</load_address>
         <run_address>0x1780</run_address>
         <size>0x68</size>
         <input_file_ref idref="fl-d6"/>
      </object_component>
      <object_component id="oc-12">
         <name>.text:decompress:lzss:__TI_decompress_lzss</name>
         <load_address>0x17e8</load_address>
         <run_address>0x17e8</run_address>
         <size>0x68</size>
         <input_file_ref idref="fl-c9"/>
      </object_component>
      <object_component id="oc-152">
         <name>.text:TimerConfigure</name>
         <load_address>0x1850</load_address>
         <run_address>0x1850</run_address>
         <size>0x60</size>
         <input_file_ref idref="fl-d9"/>
      </object_component>
      <object_component id="oc-146">
         <name>.text:GPIOIntTypeSet</name>
         <load_address>0x18b0</load_address>
         <run_address>0x18b0</run_address>
         <size>0x56</size>
         <input_file_ref idref="fl-d5"/>
      </object_component>
      <object_component id="oc-116">
         <name>.text:ADCSequenceConfigure</name>
         <load_address>0x1906</load_address>
         <run_address>0x1906</run_address>
         <size>0x50</size>
         <input_file_ref idref="fl-d4"/>
      </object_component>
      <object_component id="oc-db">
         <name>.text:GPIOPinConfigure</name>
         <load_address>0x1958</load_address>
         <run_address>0x1958</run_address>
         <size>0x48</size>
         <input_file_ref idref="fl-d5"/>
      </object_component>
      <object_component id="oc-22e">
         <name>.text:_SysCtlFrequencyGet</name>
         <load_address>0x19a0</load_address>
         <run_address>0x19a0</run_address>
         <size>0x48</size>
         <input_file_ref idref="fl-d8"/>
      </object_component>
      <object_component id="oc-88">
         <name>.text</name>
         <load_address>0x19e8</load_address>
         <run_address>0x19e8</run_address>
         <size>0x48</size>
         <input_file_ref idref="fl-c3"/>
      </object_component>
      <object_component id="oc-1e9">
         <name>.text:UARTConfigSetExpClk</name>
         <load_address>0x1a30</load_address>
         <run_address>0x1a30</run_address>
         <size>0x46</size>
         <input_file_ref idref="fl-da"/>
      </object_component>
      <object_component id="oc-290">
         <name>.text:__TI_auto_init_nobinit_nopinit:__TI_auto_init_nobinit_nopinit</name>
         <load_address>0x1a78</load_address>
         <run_address>0x1a78</run_address>
         <size>0x44</size>
         <input_file_ref idref="fl-d1"/>
      </object_component>
      <object_component id="oc-ff">
         <name>.text</name>
         <load_address>0x1abc</load_address>
         <run_address>0x1abc</run_address>
         <size>0x44</size>
         <input_file_ref idref="fl-c4"/>
      </object_component>
      <object_component id="oc-20a">
         <name>.text</name>
         <load_address>0x1b00</load_address>
         <run_address>0x1b00</run_address>
         <size>0x40</size>
         <input_file_ref idref="fl-c0"/>
      </object_component>
      <object_component id="oc-1e3">
         <name>.text:SysCtlPeripheralPresent</name>
         <load_address>0x1b40</load_address>
         <run_address>0x1b40</run_address>
         <size>0x38</size>
         <input_file_ref idref="fl-d8"/>
      </object_component>
      <object_component id="oc-d2">
         <name>.text:SysCtlPeripheralReady</name>
         <load_address>0x1b78</load_address>
         <run_address>0x1b78</run_address>
         <size>0x38</size>
         <input_file_ref idref="fl-d8"/>
      </object_component>
      <object_component id="oc-5c">
         <name>.text:_c_int00_noargs:_c_int00_noargs</name>
         <load_address>0x1bb0</load_address>
         <run_address>0x1bb0</run_address>
         <size>0x38</size>
         <input_file_ref idref="fl-ca"/>
      </object_component>
      <object_component id="oc-cc">
         <name>.text:SysCtlPeripheralEnable</name>
         <load_address>0x1be8</load_address>
         <run_address>0x1be8</run_address>
         <size>0x34</size>
         <input_file_ref idref="fl-d8"/>
      </object_component>
      <object_component id="oc-8d">
         <name>.text</name>
         <load_address>0x1c1c</load_address>
         <run_address>0x1c1c</run_address>
         <size>0x2e</size>
         <input_file_ref idref="fl-c5"/>
      </object_component>
      <object_component id="oc-13a">
         <name>.text:GPIODirModeSet</name>
         <load_address>0x1c4a</load_address>
         <run_address>0x1c4a</run_address>
         <size>0x2a</size>
         <input_file_ref idref="fl-d5"/>
      </object_component>
      <object_component id="oc-ed">
         <name>.text:PWMGenConfigure</name>
         <load_address>0x1c74</load_address>
         <run_address>0x1c74</run_address>
         <size>0x22</size>
         <input_file_ref idref="fl-d7"/>
      </object_component>
      <object_component id="oc-2c7">
         <name>.text:UARTDisable</name>
         <load_address>0x1c98</load_address>
         <run_address>0x1c98</run_address>
         <size>0x20</size>
         <input_file_ref idref="fl-da"/>
      </object_component>
      <object_component id="oc-228">
         <name>.text:_SysCtlMemTimingGet</name>
         <load_address>0x1cb8</load_address>
         <run_address>0x1cb8</run_address>
         <size>0x20</size>
         <input_file_ref idref="fl-d8"/>
      </object_component>
      <object_component id="oc-83">
         <name>.text</name>
         <load_address>0x1cd8</load_address>
         <run_address>0x1cd8</run_address>
         <size>0x20</size>
         <input_file_ref idref="fl-c6"/>
      </object_component>
      <object_component id="oc-ae">
         <name>.text:ADCSequenceDataGet</name>
         <load_address>0x1cf8</load_address>
         <run_address>0x1cf8</run_address>
         <size>0x1e</size>
         <input_file_ref idref="fl-d4"/>
      </object_component>
      <object_component id="oc-104">
         <name>.text:PWMPulseWidthSet</name>
         <load_address>0x1d16</load_address>
         <run_address>0x1d16</run_address>
         <size>0x1e</size>
         <input_file_ref idref="fl-d7"/>
      </object_component>
      <object_component id="oc-128">
         <name>.text:ADCClockConfigSet</name>
         <load_address>0x1d34</load_address>
         <run_address>0x1d34</run_address>
         <size>0x18</size>
         <input_file_ref idref="fl-d4"/>
      </object_component>
      <object_component id="oc-182">
         <name>.text:ADCProcessorTrigger</name>
         <load_address>0x1d4c</load_address>
         <run_address>0x1d4c</run_address>
         <size>0x18</size>
         <input_file_ref idref="fl-d4"/>
      </object_component>
      <object_component id="oc-12e">
         <name>.text:GPIOPinTypeGPIOOutput</name>
         <load_address>0x1d64</load_address>
         <run_address>0x1d64</run_address>
         <size>0x18</size>
         <input_file_ref idref="fl-d5"/>
      </object_component>
      <object_component id="oc-e7">
         <name>.text:PWMClockSet</name>
         <load_address>0x1d7c</load_address>
         <run_address>0x1d7c</run_address>
         <size>0x14</size>
         <input_file_ref idref="fl-d7"/>
      </object_component>
      <object_component id="oc-1ef">
         <name>.text:UARTEnable</name>
         <load_address>0x1d90</load_address>
         <run_address>0x1d90</run_address>
         <size>0x14</size>
         <input_file_ref idref="fl-da"/>
      </object_component>
      <object_component id="oc-110">
         <name>.text:GPIOPinTypeADC</name>
         <load_address>0x1da4</load_address>
         <run_address>0x1da4</run_address>
         <size>0x12</size>
         <input_file_ref idref="fl-d5"/>
      </object_component>
      <object_component id="oc-14c">
         <name>.text:GPIOPinTypeGPIOInput</name>
         <load_address>0x1db6</load_address>
         <run_address>0x1db6</run_address>
         <size>0x12</size>
         <input_file_ref idref="fl-d5"/>
      </object_component>
      <object_component id="oc-e1">
         <name>.text:GPIOPinTypePWM</name>
         <load_address>0x1dc8</load_address>
         <run_address>0x1dc8</run_address>
         <size>0x12</size>
         <input_file_ref idref="fl-d5"/>
      </object_component>
      <object_component id="oc-134">
         <name>.text:GPIOPinTypeUART</name>
         <load_address>0x1dda</load_address>
         <run_address>0x1dda</run_address>
         <size>0x12</size>
         <input_file_ref idref="fl-d5"/>
      </object_component>
      <object_component id="oc-f9">
         <name>.text:PWMOutputState</name>
         <load_address>0x1dec</load_address>
         <run_address>0x1dec</run_address>
         <size>0x12</size>
         <input_file_ref idref="fl-d7"/>
      </object_component>
      <object_component id="oc-158">
         <name>.text:TimerLoadSet</name>
         <load_address>0x1dfe</load_address>
         <run_address>0x1dfe</run_address>
         <size>0x12</size>
         <input_file_ref idref="fl-d9"/>
      </object_component>
      <object_component id="oc-4a">
         <name>.text:decompress:ZI:__TI_zero_init_nomemset:__TI_zero_init_nomemset</name>
         <load_address>0x1e10</load_address>
         <run_address>0x1e10</run_address>
         <size>0x12</size>
         <input_file_ref idref="fl-c7"/>
      </object_component>
      <object_component id="oc-164">
         <name>.text:ADCIntEnable</name>
         <load_address>0x1e22</load_address>
         <run_address>0x1e22</run_address>
         <size>0x10</size>
         <input_file_ref idref="fl-d4"/>
      </object_component>
      <object_component id="oc-15e">
         <name>.text:IntMasterEnable</name>
         <load_address>0x1e32</load_address>
         <run_address>0x1e32</run_address>
         <size>0x10</size>
         <input_file_ref idref="fl-d6"/>
      </object_component>
      <object_component id="oc-f3">
         <name>.text:PWMGenPeriodSet</name>
         <load_address>0x1e42</load_address>
         <run_address>0x1e42</run_address>
         <size>0x10</size>
         <input_file_ref idref="fl-d7"/>
      </object_component>
      <object_component id="oc-122">
         <name>.text:ADCSequenceEnable</name>
         <load_address>0x1e52</load_address>
         <run_address>0x1e52</run_address>
         <size>0xe</size>
         <input_file_ref idref="fl-d4"/>
      </object_component>
      <object_component id="oc-176">
         <name>.text:TimerEnable</name>
         <load_address>0x1e60</load_address>
         <run_address>0x1e60</run_address>
         <size>0xe</size>
         <input_file_ref idref="fl-d9"/>
      </object_component>
      <object_component id="oc-18">
         <name>.text:decompress:none:__TI_decompress_none</name>
         <load_address>0x1e6e</load_address>
         <run_address>0x1e6e</run_address>
         <size>0xe</size>
         <input_file_ref idref="fl-c8"/>
      </object_component>
      <object_component id="oc-25b">
         <name>.text:CPUcpsie</name>
         <load_address>0x1e7c</load_address>
         <run_address>0x1e7c</run_address>
         <size>0xc</size>
         <input_file_ref idref="fl-db"/>
      </object_component>
      <object_component id="oc-17c">
         <name>.text:GPIOIntEnable</name>
         <load_address>0x1e88</load_address>
         <run_address>0x1e88</run_address>
         <size>0xc</size>
         <input_file_ref idref="fl-d5"/>
      </object_component>
      <object_component id="oc-10a">
         <name>.text:PWMGenDisable</name>
         <load_address>0x1e94</load_address>
         <run_address>0x1e94</run_address>
         <size>0xc</size>
         <input_file_ref idref="fl-d7"/>
      </object_component>
      <object_component id="oc-18a">
         <name>.text:PWMGenEnable</name>
         <load_address>0x1ea0</load_address>
         <run_address>0x1ea0</run_address>
         <size>0xc</size>
         <input_file_ref idref="fl-d7"/>
      </object_component>
      <object_component id="oc-24">
         <name>.text</name>
         <load_address>0x1eac</load_address>
         <run_address>0x1eac</run_address>
         <size>0xc</size>
         <input_file_ref idref="fl-4"/>
      </object_component>
      <object_component id="oc-b4">
         <name>.text:ADCIntClear</name>
         <load_address>0x1eb8</load_address>
         <run_address>0x1eb8</run_address>
         <size>0xa</size>
         <input_file_ref idref="fl-d4"/>
      </object_component>
      <object_component id="oc-1fb">
         <name>.text:UARTCharGet</name>
         <load_address>0x1ec2</load_address>
         <run_address>0x1ec2</run_address>
         <size>0xa</size>
         <input_file_ref idref="fl-da"/>
      </object_component>
      <object_component id="oc-1f5">
         <name>.text:UARTCharPut</name>
         <load_address>0x1ecc</load_address>
         <run_address>0x1ecc</run_address>
         <size>0xa</size>
         <input_file_ref idref="fl-da"/>
      </object_component>
      <object_component id="oc-170">
         <name>.text:TimerIntEnable</name>
         <load_address>0x1ed6</load_address>
         <run_address>0x1ed6</run_address>
         <size>0x8</size>
         <input_file_ref idref="fl-d9"/>
      </object_component>
      <object_component id="oc-9c">
         <name>.text:GPIOIntClear</name>
         <load_address>0x1ede</load_address>
         <run_address>0x1ede</run_address>
         <size>0x6</size>
         <input_file_ref idref="fl-d5"/>
      </object_component>
      <object_component id="oc-7d">
         <name>.text:GPIOPinRead</name>
         <load_address>0x1ee4</load_address>
         <run_address>0x1ee4</run_address>
         <size>0x6</size>
         <input_file_ref idref="fl-d5"/>
      </object_component>
      <object_component id="oc-77">
         <name>.text:GPIOPinWrite</name>
         <load_address>0x1eea</load_address>
         <run_address>0x1eea</run_address>
         <size>0x6</size>
         <input_file_ref idref="fl-d5"/>
      </object_component>
      <object_component id="oc-71">
         <name>.text:TimerIntClear</name>
         <load_address>0x1ef0</load_address>
         <run_address>0x1ef0</run_address>
         <size>0x4</size>
         <input_file_ref idref="fl-d9"/>
      </object_component>
      <object_component id="oc-1c1">
         <name>.text:_system_pre_init</name>
         <load_address>0x1ef4</load_address>
         <run_address>0x1ef4</run_address>
         <size>0x4</size>
         <input_file_ref idref="fl-d2"/>
      </object_component>
      <object_component id="oc-284">
         <name>.text:abort:abort</name>
         <load_address>0x1ef8</load_address>
         <run_address>0x1ef8</run_address>
         <size>0x4</size>
         <input_file_ref idref="fl-cb"/>
      </object_component>
      <object_component id="oc-237">
         <name>.const:g_pppui32XTALtoVCO</name>
         <load_address>0x1efc</load_address>
         <run_address>0x1efc</run_address>
         <size>0x1b0</size>
         <input_file_ref idref="fl-d8"/>
      </object_component>
      <object_component id="oc-241">
         <name>.const:g_pui32GPIOBaseAddrs</name>
         <load_address>0x20ac</load_address>
         <run_address>0x20ac</run_address>
         <size>0x90</size>
         <input_file_ref idref="fl-d5"/>
      </object_component>
      <object_component id="oc-263">
         <name>.const</name>
         <load_address>0x213c</load_address>
         <run_address>0x213c</run_address>
         <size>0x70</size>
         <input_file_ref idref="fl-d6"/>
      </object_component>
      <object_component id="oc-234">
         <name>.const:g_pui32Xtals</name>
         <load_address>0x21ac</load_address>
         <run_address>0x21ac</run_address>
         <size>0x6c</size>
         <input_file_ref idref="fl-d8"/>
      </object_component>
      <object_component id="oc-2e9">
         <name>.const:g_sXTALtoMEMTIM</name>
         <load_address>0x2218</load_address>
         <run_address>0x2218</run_address>
         <size>0x30</size>
         <input_file_ref idref="fl-d8"/>
      </object_component>
      <object_component id="oc-2de">
         <name>.const:.string</name>
         <load_address>0x2248</load_address>
         <run_address>0x2248</run_address>
         <size>0x12</size>
         <input_file_ref idref="fl-5"/>
      </object_component>
      <object_component id="oc-207">
         <name>.const:g_ui32UARTBase</name>
         <load_address>0x225c</load_address>
         <run_address>0x225c</run_address>
         <size>0xc</size>
         <input_file_ref idref="fl-5"/>
      </object_component>
      <object_component id="oc-201">
         <name>.const:g_ui32UARTPeriph</name>
         <load_address>0x2268</load_address>
         <run_address>0x2268</run_address>
         <size>0xc</size>
         <input_file_ref idref="fl-5"/>
      </object_component>
      <object_component id="oc-23a">
         <name>.const</name>
         <load_address>0x2274</load_address>
         <run_address>0x2274</run_address>
         <size>0x8</size>
         <input_file_ref idref="fl-d8"/>
      </object_component>
      <object_component id="oc-20f">
         <name>.const</name>
         <load_address>0x227c</load_address>
         <run_address>0x227c</run_address>
         <size>0x4</size>
         <input_file_ref idref="fl-5"/>
      </object_component>
      <object_component id="oc-383">
         <name>.cinit..data.load</name>
         <load_address>0x2280</load_address>
         <run_address>0x2280</run_address>
         <size>0x1e</size>
      </object_component>
      <object_component id="oc-381">
         <name>__TI_handler_table</name>
         <load_address>0x22a0</load_address>
         <run_address>0x22a0</run_address>
         <size>0xc</size>
      </object_component>
      <object_component id="oc-384">
         <name>.cinit..bss.load</name>
         <load_address>0x22b0</load_address>
         <run_address>0x22b0</run_address>
         <size>0x8</size>
      </object_component>
      <object_component id="oc-382">
         <name>__TI_cinit_table</name>
         <load_address>0x22b8</load_address>
         <run_address>0x22b8</run_address>
         <size>0x10</size>
      </object_component>
      <object_component id="oc-21c">
         <name>.data</name>
         <load_address>0x2000026d</load_address>
         <run_address>0x2000026d</run_address>
         <size>0x1</size>
         <input_file_ref idref="fl-2"/>
      </object_component>
      <object_component id="oc-190">
         <name>.data:lcd_top</name>
         <load_address>0x20000258</load_address>
         <run_address>0x20000258</run_address>
         <size>0xc</size>
         <input_file_ref idref="fl-3"/>
      </object_component>
      <object_component id="oc-bf">
         <name>.data:lcd_bottom</name>
         <load_address>0x20000264</load_address>
         <run_address>0x20000264</run_address>
         <size>0x9</size>
         <input_file_ref idref="fl-3"/>
      </object_component>
      <object_component id="oc-204">
         <name>.data</name>
         <load_address>0x20000270</load_address>
         <run_address>0x20000270</run_address>
         <size>0x5</size>
         <input_file_ref idref="fl-5"/>
      </object_component>
      <object_component id="oc-219">
         <name>.common:i</name>
         <uninitialized>true</uninitialized>
         <run_address>0x20000240</run_address>
         <size>0x4</size>
      </object_component>
      <object_component id="oc-188">
         <name>.common:SysClock</name>
         <uninitialized>true</uninitialized>
         <run_address>0x20000228</run_address>
         <size>0x4</size>
      </object_component>
      <object_component id="oc-da">
         <name>.common:timer_start</name>
         <uninitialized>true</uninitialized>
         <run_address>0x20000250</run_address>
         <size>0x4</size>
      </object_component>
      <object_component id="oc-d8">
         <name>.common:timer0_cnt</name>
         <uninitialized>true</uninitialized>
         <run_address>0x20000248</run_address>
         <size>0x4</size>
      </object_component>
      <object_component id="oc-d9">
         <name>.common:timer1_cnt</name>
         <uninitialized>true</uninitialized>
         <run_address>0x2000024c</run_address>
         <size>0x4</size>
      </object_component>
      <object_component id="oc-ba">
         <name>.common:cm</name>
         <uninitialized>true</uninitialized>
         <run_address>0x20000220</run_address>
         <size>0x8</size>
      </object_component>
      <object_component id="oc-be">
         <name>.common:de_cm</name>
         <uninitialized>true</uninitialized>
         <run_address>0x20000238</run_address>
         <size>0x4</size>
      </object_component>
      <object_component id="oc-bd">
         <name>.common:int_cm</name>
         <uninitialized>true</uninitialized>
         <run_address>0x20000244</run_address>
         <size>0x4</size>
      </object_component>
      <object_component id="oc-193">
         <name>.common:delay</name>
         <uninitialized>true</uninitialized>
         <run_address>0x2000023c</run_address>
         <size>0x4</size>
      </object_component>
      <object_component id="oc-189">
         <name>.common:ulPeriod</name>
         <uninitialized>true</uninitialized>
         <run_address>0x20000254</run_address>
         <size>0x4</size>
      </object_component>
      <object_component id="oc-c3">
         <name>.common:cds0</name>
         <uninitialized>true</uninitialized>
         <run_address>0x2000022c</run_address>
         <size>0x4</size>
      </object_component>
      <object_component id="oc-c4">
         <name>.common:cds1</name>
         <uninitialized>true</uninitialized>
         <run_address>0x20000230</run_address>
         <size>0x4</size>
      </object_component>
      <object_component id="oc-c5">
         <name>.common:cds2</name>
         <uninitialized>true</uninitialized>
         <run_address>0x20000234</run_address>
         <size>0x4</size>
      </object_component>
      <object_component id="oc-c2">
         <name>.common:ADC</name>
         <uninitialized>true</uninitialized>
         <run_address>0x20000200</run_address>
         <size>0x20</size>
      </object_component>
      <object_component id="oc-21">
         <name>.stack</name>
         <uninitialized>true</uninitialized>
         <run_address>0x20000000</run_address>
         <size>0x4</size>
         <input_file_ref idref="fl-ca"/>
      </object_component>
      <object_component id="oc-385">
         <name>.stack</name>
         <uninitialized>true</uninitialized>
         <run_address>0x20000000</run_address>
         <size>0x0</size>
      </object_component>
      <object_component id="oc-21a">
         <name>.debug_info</name>
         <load_address>0x0</load_address>
         <run_address>0x0</run_address>
         <size>0x2d0</size>
         <input_file_ref idref="fl-2"/>
      </object_component>
      <object_component id="oc-21d">
         <name>.debug_info</name>
         <load_address>0x2d0</load_address>
         <run_address>0x2d0</run_address>
         <size>0xd0</size>
         <input_file_ref idref="fl-2"/>
      </object_component>
      <object_component id="oc-a9">
         <name>.debug_info</name>
         <load_address>0x3a0</load_address>
         <run_address>0x3a0</run_address>
         <size>0x6e2</size>
         <input_file_ref idref="fl-2"/>
      </object_component>
      <object_component id="oc-19c">
         <name>.debug_info</name>
         <load_address>0xa82</load_address>
         <run_address>0xa82</run_address>
         <size>0x26b</size>
         <input_file_ref idref="fl-2"/>
      </object_component>
      <object_component id="oc-39">
         <name>.debug_info</name>
         <load_address>0xced</load_address>
         <run_address>0xced</run_address>
         <size>0x84</size>
         <input_file_ref idref="fl-2"/>
      </object_component>
      <object_component id="oc-26f">
         <name>.debug_info</name>
         <load_address>0xd71</load_address>
         <run_address>0xd71</run_address>
         <size>0x297</size>
         <input_file_ref idref="fl-2"/>
      </object_component>
      <object_component id="oc-1a1">
         <name>.debug_info</name>
         <load_address>0x1008</load_address>
         <run_address>0x1008</run_address>
         <size>0xbb</size>
         <input_file_ref idref="fl-2"/>
      </object_component>
      <object_component id="oc-214">
         <name>.debug_info</name>
         <load_address>0x10c3</load_address>
         <run_address>0x10c3</run_address>
         <size>0x2c</size>
         <input_file_ref idref="fl-2"/>
      </object_component>
      <object_component id="oc-bb">
         <name>.debug_info</name>
         <load_address>0x10ef</load_address>
         <run_address>0x10ef</run_address>
         <size>0xd0a</size>
         <input_file_ref idref="fl-3"/>
      </object_component>
      <object_component id="oc-191">
         <name>.debug_info</name>
         <load_address>0x1df9</load_address>
         <run_address>0x1df9</run_address>
         <size>0xd1</size>
         <input_file_ref idref="fl-3"/>
      </object_component>
      <object_component id="oc-c0">
         <name>.debug_info</name>
         <load_address>0x1eca</load_address>
         <run_address>0x1eca</run_address>
         <size>0xd7</size>
         <input_file_ref idref="fl-3"/>
      </object_component>
      <object_component id="oc-2b">
         <name>.debug_info</name>
         <load_address>0x1fa1</load_address>
         <run_address>0x1fa1</run_address>
         <size>0xfeb</size>
         <input_file_ref idref="fl-3"/>
      </object_component>
      <object_component id="oc-195">
         <name>.debug_info</name>
         <load_address>0x2f8c</load_address>
         <run_address>0x2f8c</run_address>
         <size>0x8b</size>
         <input_file_ref idref="fl-3"/>
      </object_component>
      <object_component id="oc-32">
         <name>.debug_info</name>
         <load_address>0x3017</load_address>
         <run_address>0x3017</run_address>
         <size>0x3a3</size>
         <input_file_ref idref="fl-4"/>
      </object_component>
      <object_component id="oc-10">
         <name>.debug_info</name>
         <load_address>0x33ba</load_address>
         <run_address>0x33ba</run_address>
         <size>0xf0</size>
         <input_file_ref idref="fl-4"/>
      </object_component>
      <object_component id="oc-25">
         <name>.debug_info</name>
         <load_address>0x34aa</load_address>
         <run_address>0x34aa</run_address>
         <size>0x271</size>
         <input_file_ref idref="fl-4"/>
      </object_component>
      <object_component id="oc-213">
         <name>.debug_info</name>
         <load_address>0x371b</load_address>
         <run_address>0x371b</run_address>
         <size>0x3e4</size>
         <input_file_ref idref="fl-5"/>
      </object_component>
      <object_component id="oc-205">
         <name>.debug_info</name>
         <load_address>0x3aff</load_address>
         <run_address>0x3aff</run_address>
         <size>0xdb</size>
         <input_file_ref idref="fl-5"/>
      </object_component>
      <object_component id="oc-210">
         <name>.debug_info</name>
         <load_address>0x3bda</load_address>
         <run_address>0x3bda</run_address>
         <size>0xd5</size>
         <input_file_ref idref="fl-5"/>
      </object_component>
      <object_component id="oc-208">
         <name>.debug_info</name>
         <load_address>0x3caf</load_address>
         <run_address>0x3caf</run_address>
         <size>0xe3</size>
         <input_file_ref idref="fl-5"/>
      </object_component>
      <object_component id="oc-202">
         <name>.debug_info</name>
         <load_address>0x3d92</load_address>
         <run_address>0x3d92</run_address>
         <size>0xe7</size>
         <input_file_ref idref="fl-5"/>
      </object_component>
      <object_component id="oc-a3">
         <name>.debug_info</name>
         <load_address>0x3e79</load_address>
         <run_address>0x3e79</run_address>
         <size>0x784</size>
         <input_file_ref idref="fl-5"/>
      </object_component>
      <object_component id="oc-20d">
         <name>.debug_info</name>
         <load_address>0x45fd</load_address>
         <run_address>0x45fd</run_address>
         <size>0x145</size>
         <input_file_ref idref="fl-c0"/>
      </object_component>
      <object_component id="oc-94">
         <name>.debug_info</name>
         <load_address>0x4742</load_address>
         <run_address>0x4742</run_address>
         <size>0x14f</size>
         <input_file_ref idref="fl-c1"/>
      </object_component>
      <object_component id="oc-98">
         <name>.debug_info</name>
         <load_address>0x4891</load_address>
         <run_address>0x4891</run_address>
         <size>0x13d</size>
         <input_file_ref idref="fl-c2"/>
      </object_component>
      <object_component id="oc-89">
         <name>.debug_info</name>
         <load_address>0x49ce</load_address>
         <run_address>0x49ce</run_address>
         <size>0x131</size>
         <input_file_ref idref="fl-c3"/>
      </object_component>
      <object_component id="oc-102">
         <name>.debug_info</name>
         <load_address>0x4aff</load_address>
         <run_address>0x4aff</run_address>
         <size>0x13c</size>
         <input_file_ref idref="fl-c4"/>
      </object_component>
      <object_component id="oc-8e">
         <name>.debug_info</name>
         <load_address>0x4c3b</load_address>
         <run_address>0x4c3b</run_address>
         <size>0x12f</size>
         <input_file_ref idref="fl-c5"/>
      </object_component>
      <object_component id="oc-85">
         <name>.debug_info</name>
         <load_address>0x4d6a</load_address>
         <run_address>0x4d6a</run_address>
         <size>0x131</size>
         <input_file_ref idref="fl-c6"/>
      </object_component>
      <object_component id="oc-1ba">
         <name>.debug_info</name>
         <load_address>0x4e9b</load_address>
         <run_address>0x4e9b</run_address>
         <size>0x31e</size>
         <input_file_ref idref="fl-c7"/>
      </object_component>
      <object_component id="oc-4b">
         <name>.debug_info</name>
         <load_address>0x51b9</load_address>
         <run_address>0x51b9</run_address>
         <size>0x1bf</size>
         <input_file_ref idref="fl-c7"/>
      </object_component>
      <object_component id="oc-1b5">
         <name>.debug_info</name>
         <load_address>0x5378</load_address>
         <run_address>0x5378</run_address>
         <size>0x46</size>
         <input_file_ref idref="fl-c7"/>
      </object_component>
      <object_component id="oc-27b">
         <name>.debug_info</name>
         <load_address>0x53be</load_address>
         <run_address>0x53be</run_address>
         <size>0x2c</size>
         <input_file_ref idref="fl-c7"/>
      </object_component>
      <object_component id="oc-49">
         <name>.debug_info</name>
         <load_address>0x53ea</load_address>
         <run_address>0x53ea</run_address>
         <size>0x2a8</size>
         <input_file_ref idref="fl-c8"/>
      </object_component>
      <object_component id="oc-19">
         <name>.debug_info</name>
         <load_address>0x5692</load_address>
         <run_address>0x5692</run_address>
         <size>0x1ea</size>
         <input_file_ref idref="fl-c8"/>
      </object_component>
      <object_component id="oc-44">
         <name>.debug_info</name>
         <load_address>0x587c</load_address>
         <run_address>0x587c</run_address>
         <size>0x46</size>
         <input_file_ref idref="fl-c8"/>
      </object_component>
      <object_component id="oc-1ad">
         <name>.debug_info</name>
         <load_address>0x58c2</load_address>
         <run_address>0x58c2</run_address>
         <size>0x2c</size>
         <input_file_ref idref="fl-c8"/>
      </object_component>
      <object_component id="oc-1ab">
         <name>.debug_info</name>
         <load_address>0x58ee</load_address>
         <run_address>0x58ee</run_address>
         <size>0x29e</size>
         <input_file_ref idref="fl-c9"/>
      </object_component>
      <object_component id="oc-13">
         <name>.debug_info</name>
         <load_address>0x5b8c</load_address>
         <run_address>0x5b8c</run_address>
         <size>0x250</size>
         <input_file_ref idref="fl-c9"/>
      </object_component>
      <object_component id="oc-34">
         <name>.debug_info</name>
         <load_address>0x5ddc</load_address>
         <run_address>0x5ddc</run_address>
         <size>0x60</size>
         <input_file_ref idref="fl-c9"/>
      </object_component>
      <object_component id="oc-274">
         <name>.debug_info</name>
         <load_address>0x5e3c</load_address>
         <run_address>0x5e3c</run_address>
         <size>0x46</size>
         <input_file_ref idref="fl-c9"/>
      </object_component>
      <object_component id="oc-1a6">
         <name>.debug_info</name>
         <load_address>0x5e82</load_address>
         <run_address>0x5e82</run_address>
         <size>0x39</size>
         <input_file_ref idref="fl-c9"/>
      </object_component>
      <object_component id="oc-22">
         <name>.debug_info</name>
         <load_address>0x5ebb</load_address>
         <run_address>0x5ebb</run_address>
         <size>0x10b</size>
         <input_file_ref idref="fl-ca"/>
      </object_component>
      <object_component id="oc-5d">
         <name>.debug_info</name>
         <load_address>0x5fc6</load_address>
         <run_address>0x5fc6</run_address>
         <size>0x1af</size>
         <input_file_ref idref="fl-ca"/>
      </object_component>
      <object_component id="oc-285">
         <name>.debug_info</name>
         <load_address>0x6175</load_address>
         <run_address>0x6175</run_address>
         <size>0x122</size>
         <input_file_ref idref="fl-cb"/>
      </object_component>
      <object_component id="oc-2da">
         <name>.debug_info</name>
         <load_address>0x6297</load_address>
         <run_address>0x6297</run_address>
         <size>0x118</size>
         <input_file_ref idref="fl-ce"/>
      </object_component>
      <object_component id="oc-3f">
         <name>.debug_info</name>
         <load_address>0x63af</load_address>
         <run_address>0x63af</run_address>
         <size>0x11c</size>
         <input_file_ref idref="fl-cf"/>
      </object_component>
      <object_component id="oc-30f">
         <name>.debug_info</name>
         <load_address>0x64cb</load_address>
         <run_address>0x64cb</run_address>
         <size>0x552</size>
         <input_file_ref idref="fl-d1"/>
      </object_component>
      <object_component id="oc-291">
         <name>.debug_info</name>
         <load_address>0x6a1d</load_address>
         <run_address>0x6a1d</run_address>
         <size>0x1a6</size>
         <input_file_ref idref="fl-d1"/>
      </object_component>
      <object_component id="oc-33a">
         <name>.debug_info</name>
         <load_address>0x6bc3</load_address>
         <run_address>0x6bc3</run_address>
         <size>0x39</size>
         <input_file_ref idref="fl-d1"/>
      </object_component>
      <object_component id="oc-34e">
         <name>.debug_info</name>
         <load_address>0x6bfc</load_address>
         <run_address>0x6bfc</run_address>
         <size>0x39</size>
         <input_file_ref idref="fl-d1"/>
      </object_component>
      <object_component id="oc-33f">
         <name>.debug_info</name>
         <load_address>0x6c35</load_address>
         <run_address>0x6c35</run_address>
         <size>0x39</size>
         <input_file_ref idref="fl-d1"/>
      </object_component>
      <object_component id="oc-344">
         <name>.debug_info</name>
         <load_address>0x6c6e</load_address>
         <run_address>0x6c6e</run_address>
         <size>0xcd</size>
         <input_file_ref idref="fl-d1"/>
      </object_component>
      <object_component id="oc-1c2">
         <name>.debug_info</name>
         <load_address>0x6d3b</load_address>
         <run_address>0x6d3b</run_address>
         <size>0x153</size>
         <input_file_ref idref="fl-d2"/>
      </object_component>
      <object_component id="oc-221">
         <name>.debug_info</name>
         <load_address>0x6e8e</load_address>
         <run_address>0x6e8e</run_address>
         <size>0x24d</size>
         <input_file_ref idref="fl-d4"/>
      </object_component>
      <object_component id="oc-11d">
         <name>.debug_info</name>
         <load_address>0x70db</load_address>
         <run_address>0x70db</run_address>
         <size>0x333</size>
         <input_file_ref idref="fl-d4"/>
      </object_component>
      <object_component id="oc-123">
         <name>.debug_info</name>
         <load_address>0x740e</load_address>
         <run_address>0x740e</run_address>
         <size>0x2a0</size>
         <input_file_ref idref="fl-d4"/>
      </object_component>
      <object_component id="oc-af">
         <name>.debug_info</name>
         <load_address>0x76ae</load_address>
         <run_address>0x76ae</run_address>
         <size>0x2ff</size>
         <input_file_ref idref="fl-d4"/>
      </object_component>
      <object_component id="oc-117">
         <name>.debug_info</name>
         <load_address>0x79ad</load_address>
         <run_address>0x79ad</run_address>
         <size>0x326</size>
         <input_file_ref idref="fl-d4"/>
      </object_component>
      <object_component id="oc-183">
         <name>.debug_info</name>
         <load_address>0x7cd3</load_address>
         <run_address>0x7cd3</run_address>
         <size>0x2a4</size>
         <input_file_ref idref="fl-d4"/>
      </object_component>
      <object_component id="oc-165">
         <name>.debug_info</name>
         <load_address>0x7f77</load_address>
         <run_address>0x7f77</run_address>
         <size>0x296</size>
         <input_file_ref idref="fl-d4"/>
      </object_component>
      <object_component id="oc-b5">
         <name>.debug_info</name>
         <load_address>0x820d</load_address>
         <run_address>0x820d</run_address>
         <size>0x294</size>
         <input_file_ref idref="fl-d4"/>
      </object_component>
      <object_component id="oc-129">
         <name>.debug_info</name>
         <load_address>0x84a1</load_address>
         <run_address>0x84a1</run_address>
         <size>0x2ce</size>
         <input_file_ref idref="fl-d4"/>
      </object_component>
      <object_component id="oc-1d4">
         <name>.debug_info</name>
         <load_address>0x876f</load_address>
         <run_address>0x876f</run_address>
         <size>0x18b</size>
         <input_file_ref idref="fl-d4"/>
      </object_component>
      <object_component id="oc-1db">
         <name>.debug_info</name>
         <load_address>0x88fa</load_address>
         <run_address>0x88fa</run_address>
         <size>0x240</size>
         <input_file_ref idref="fl-d5"/>
      </object_component>
      <object_component id="oc-242">
         <name>.debug_info</name>
         <load_address>0x8b3a</load_address>
         <run_address>0x8b3a</run_address>
         <size>0x15b</size>
         <input_file_ref idref="fl-d5"/>
      </object_component>
      <object_component id="oc-78">
         <name>.debug_info</name>
         <load_address>0x8c95</load_address>
         <run_address>0x8c95</run_address>
         <size>0x2a3</size>
         <input_file_ref idref="fl-d5"/>
      </object_component>
      <object_component id="oc-13b">
         <name>.debug_info</name>
         <load_address>0x8f38</load_address>
         <run_address>0x8f38</run_address>
         <size>0x2b3</size>
         <input_file_ref idref="fl-d5"/>
      </object_component>
      <object_component id="oc-141">
         <name>.debug_info</name>
         <load_address>0x91eb</load_address>
         <run_address>0x91eb</run_address>
         <size>0x316</size>
         <input_file_ref idref="fl-d5"/>
      </object_component>
      <object_component id="oc-135">
         <name>.debug_info</name>
         <load_address>0x9501</load_address>
         <run_address>0x9501</run_address>
         <size>0x27b</size>
         <input_file_ref idref="fl-d5"/>
      </object_component>
      <object_component id="oc-e2">
         <name>.debug_info</name>
         <load_address>0x977c</load_address>
         <run_address>0x977c</run_address>
         <size>0x279</size>
         <input_file_ref idref="fl-d5"/>
      </object_component>
      <object_component id="oc-12f">
         <name>.debug_info</name>
         <load_address>0x99f5</load_address>
         <run_address>0x99f5</run_address>
         <size>0x2b7</size>
         <input_file_ref idref="fl-d5"/>
      </object_component>
      <object_component id="oc-14d">
         <name>.debug_info</name>
         <load_address>0x9cac</load_address>
         <run_address>0x9cac</run_address>
         <size>0x285</size>
         <input_file_ref idref="fl-d5"/>
      </object_component>
      <object_component id="oc-111">
         <name>.debug_info</name>
         <load_address>0x9f31</load_address>
         <run_address>0x9f31</run_address>
         <size>0x279</size>
         <input_file_ref idref="fl-d5"/>
      </object_component>
      <object_component id="oc-7e">
         <name>.debug_info</name>
         <load_address>0xa1aa</load_address>
         <run_address>0xa1aa</run_address>
         <size>0x27b</size>
         <input_file_ref idref="fl-d5"/>
      </object_component>
      <object_component id="oc-dc">
         <name>.debug_info</name>
         <load_address>0xa425</load_address>
         <run_address>0xa425</run_address>
         <size>0x280</size>
         <input_file_ref idref="fl-d5"/>
      </object_component>
      <object_component id="oc-147">
         <name>.debug_info</name>
         <load_address>0xa6a5</load_address>
         <run_address>0xa6a5</run_address>
         <size>0x2bb</size>
         <input_file_ref idref="fl-d5"/>
      </object_component>
      <object_component id="oc-17d">
         <name>.debug_info</name>
         <load_address>0xa960</load_address>
         <run_address>0xa960</run_address>
         <size>0x28f</size>
         <input_file_ref idref="fl-d5"/>
      </object_component>
      <object_component id="oc-9d">
         <name>.debug_info</name>
         <load_address>0xabef</load_address>
         <run_address>0xabef</run_address>
         <size>0x28d</size>
         <input_file_ref idref="fl-d5"/>
      </object_component>
      <object_component id="oc-267">
         <name>.debug_info</name>
         <load_address>0xae7c</load_address>
         <run_address>0xae7c</run_address>
         <size>0x20e</size>
         <input_file_ref idref="fl-d6"/>
      </object_component>
      <object_component id="oc-264">
         <name>.debug_info</name>
         <load_address>0xb08a</load_address>
         <run_address>0xb08a</run_address>
         <size>0x210</size>
         <input_file_ref idref="fl-d6"/>
      </object_component>
      <object_component id="oc-160">
         <name>.debug_info</name>
         <load_address>0xb29a</load_address>
         <run_address>0xb29a</run_address>
         <size>0x23e</size>
         <input_file_ref idref="fl-d6"/>
      </object_component>
      <object_component id="oc-16c">
         <name>.debug_info</name>
         <load_address>0xb4d8</load_address>
         <run_address>0xb4d8</run_address>
         <size>0x268</size>
         <input_file_ref idref="fl-d6"/>
      </object_component>
      <object_component id="oc-247">
         <name>.debug_info</name>
         <load_address>0xb740</load_address>
         <run_address>0xb740</run_address>
         <size>0x1ed</size>
         <input_file_ref idref="fl-d7"/>
      </object_component>
      <object_component id="oc-105">
         <name>.debug_info</name>
         <load_address>0xb92d</load_address>
         <run_address>0xb92d</run_address>
         <size>0x2f6</size>
         <input_file_ref idref="fl-d7"/>
      </object_component>
      <object_component id="oc-fb">
         <name>.debug_info</name>
         <load_address>0xbc23</load_address>
         <run_address>0xbc23</run_address>
         <size>0x2c4</size>
         <input_file_ref idref="fl-d7"/>
      </object_component>
      <object_component id="oc-f4">
         <name>.debug_info</name>
         <load_address>0xbee7</load_address>
         <run_address>0xbee7</run_address>
         <size>0x2b6</size>
         <input_file_ref idref="fl-d7"/>
      </object_component>
      <object_component id="oc-18b">
         <name>.debug_info</name>
         <load_address>0xc19d</load_address>
         <run_address>0xc19d</run_address>
         <size>0x276</size>
         <input_file_ref idref="fl-d7"/>
      </object_component>
      <object_component id="oc-10b">
         <name>.debug_info</name>
         <load_address>0xc413</load_address>
         <run_address>0xc413</run_address>
         <size>0x278</size>
         <input_file_ref idref="fl-d7"/>
      </object_component>
      <object_component id="oc-ee">
         <name>.debug_info</name>
         <load_address>0xc68b</load_address>
         <run_address>0xc68b</run_address>
         <size>0x2b3</size>
         <input_file_ref idref="fl-d7"/>
      </object_component>
      <object_component id="oc-e8">
         <name>.debug_info</name>
         <load_address>0xc93e</load_address>
         <run_address>0xc93e</run_address>
         <size>0x280</size>
         <input_file_ref idref="fl-d7"/>
      </object_component>
      <object_component id="oc-23e">
         <name>.debug_info</name>
         <load_address>0xcbbe</load_address>
         <run_address>0xcbbe</run_address>
         <size>0x298</size>
         <input_file_ref idref="fl-d8"/>
      </object_component>
      <object_component id="oc-235">
         <name>.debug_info</name>
         <load_address>0xce56</load_address>
         <run_address>0xce56</run_address>
         <size>0x14d</size>
         <input_file_ref idref="fl-d8"/>
      </object_component>
      <object_component id="oc-238">
         <name>.debug_info</name>
         <load_address>0xcfa3</load_address>
         <run_address>0xcfa3</run_address>
         <size>0x159</size>
         <input_file_ref idref="fl-d8"/>
      </object_component>
      <object_component id="oc-2ea">
         <name>.debug_info</name>
         <load_address>0xd0fc</load_address>
         <run_address>0xd0fc</run_address>
         <size>0x153</size>
         <input_file_ref idref="fl-d8"/>
      </object_component>
      <object_component id="oc-23b">
         <name>.debug_info</name>
         <load_address>0xd24f</load_address>
         <run_address>0xd24f</run_address>
         <size>0x160</size>
         <input_file_ref idref="fl-d8"/>
      </object_component>
      <object_component id="oc-d4">
         <name>.debug_info</name>
         <load_address>0xd3af</load_address>
         <run_address>0xd3af</run_address>
         <size>0x27f</size>
         <input_file_ref idref="fl-d8"/>
      </object_component>
      <object_component id="oc-1e5">
         <name>.debug_info</name>
         <load_address>0xd62e</load_address>
         <run_address>0xd62e</run_address>
         <size>0x283</size>
         <input_file_ref idref="fl-d8"/>
      </object_component>
      <object_component id="oc-ce">
         <name>.debug_info</name>
         <load_address>0xd8b1</load_address>
         <run_address>0xd8b1</run_address>
         <size>0x27d</size>
         <input_file_ref idref="fl-d8"/>
      </object_component>
      <object_component id="oc-229">
         <name>.debug_info</name>
         <load_address>0xdb2e</load_address>
         <run_address>0xdb2e</run_address>
         <size>0x270</size>
         <input_file_ref idref="fl-d8"/>
      </object_component>
      <object_component id="oc-22f">
         <name>.debug_info</name>
         <load_address>0xdd9e</load_address>
         <run_address>0xdd9e</run_address>
         <size>0x2ba</size>
         <input_file_ref idref="fl-d8"/>
      </object_component>
      <object_component id="oc-c7">
         <name>.debug_info</name>
         <load_address>0xe058</load_address>
         <run_address>0xe058</run_address>
         <size>0x49a</size>
         <input_file_ref idref="fl-d8"/>
      </object_component>
      <object_component id="oc-2f6">
         <name>.debug_info</name>
         <load_address>0xe4f2</load_address>
         <run_address>0xe4f2</run_address>
         <size>0x5f</size>
         <input_file_ref idref="fl-d8"/>
      </object_component>
      <object_component id="oc-1d9">
         <name>.debug_info</name>
         <load_address>0xe551</load_address>
         <run_address>0xe551</run_address>
         <size>0x223</size>
         <input_file_ref idref="fl-d9"/>
      </object_component>
      <object_component id="oc-159">
         <name>.debug_info</name>
         <load_address>0xe774</load_address>
         <run_address>0xe774</run_address>
         <size>0x2ba</size>
         <input_file_ref idref="fl-d9"/>
      </object_component>
      <object_component id="oc-171">
         <name>.debug_info</name>
         <load_address>0xea2e</load_address>
         <run_address>0xea2e</run_address>
         <size>0x294</size>
         <input_file_ref idref="fl-d9"/>
      </object_component>
      <object_component id="oc-72">
         <name>.debug_info</name>
         <load_address>0xecc2</load_address>
         <run_address>0xecc2</run_address>
         <size>0x292</size>
         <input_file_ref idref="fl-d9"/>
      </object_component>
      <object_component id="oc-177">
         <name>.debug_info</name>
         <load_address>0xef54</load_address>
         <run_address>0xef54</run_address>
         <size>0x27f</size>
         <input_file_ref idref="fl-d9"/>
      </object_component>
      <object_component id="oc-153">
         <name>.debug_info</name>
         <load_address>0xf1d3</load_address>
         <run_address>0xf1d3</run_address>
         <size>0x28c</size>
         <input_file_ref idref="fl-d9"/>
      </object_component>
      <object_component id="oc-2ce">
         <name>.debug_info</name>
         <load_address>0xf45f</load_address>
         <run_address>0xf45f</run_address>
         <size>0x227</size>
         <input_file_ref idref="fl-da"/>
      </object_component>
      <object_component id="oc-1f0">
         <name>.debug_info</name>
         <load_address>0xf686</load_address>
         <run_address>0xf686</run_address>
         <size>0x247</size>
         <input_file_ref idref="fl-da"/>
      </object_component>
      <object_component id="oc-2c8">
         <name>.debug_info</name>
         <load_address>0xf8cd</load_address>
         <run_address>0xf8cd</run_address>
         <size>0x249</size>
         <input_file_ref idref="fl-da"/>
      </object_component>
      <object_component id="oc-1ea">
         <name>.debug_info</name>
         <load_address>0xfb16</load_address>
         <run_address>0xfb16</run_address>
         <size>0x326</size>
         <input_file_ref idref="fl-da"/>
      </object_component>
      <object_component id="oc-1f6">
         <name>.debug_info</name>
         <load_address>0xfe3c</load_address>
         <run_address>0xfe3c</run_address>
         <size>0x273</size>
         <input_file_ref idref="fl-da"/>
      </object_component>
      <object_component id="oc-1fc">
         <name>.debug_info</name>
         <load_address>0x100af</load_address>
         <run_address>0x100af</run_address>
         <size>0x24d</size>
         <input_file_ref idref="fl-da"/>
      </object_component>
      <object_component id="oc-25c">
         <name>.debug_info</name>
         <load_address>0x102fc</load_address>
         <run_address>0x102fc</run_address>
         <size>0x212</size>
         <input_file_ref idref="fl-db"/>
      </object_component>
      <object_component id="oc-386">
         <name>.debug_info</name>
         <load_address>0x1050e</load_address>
         <run_address>0x1050e</run_address>
         <size>0xa5</size>
      </object_component>
      <object_component id="oc-2e4">
         <name>.debug_line</name>
         <load_address>0x0</load_address>
         <run_address>0x0</run_address>
         <size>0x4e</size>
         <input_file_ref idref="fl-2"/>
      </object_component>
      <object_component id="oc-2e6">
         <name>.debug_line</name>
         <load_address>0x4e</load_address>
         <run_address>0x4e</run_address>
         <size>0x34</size>
         <input_file_ref idref="fl-2"/>
      </object_component>
      <object_component id="oc-ac">
         <name>.debug_line</name>
         <load_address>0x82</load_address>
         <run_address>0x82</run_address>
         <size>0x18e</size>
         <input_file_ref idref="fl-2"/>
      </object_component>
      <object_component id="oc-19f">
         <name>.debug_line</name>
         <load_address>0x210</load_address>
         <run_address>0x210</run_address>
         <size>0x69</size>
         <input_file_ref idref="fl-2"/>
      </object_component>
      <object_component id="oc-3c">
         <name>.debug_line</name>
         <load_address>0x279</load_address>
         <run_address>0x279</run_address>
         <size>0x20</size>
         <input_file_ref idref="fl-2"/>
      </object_component>
      <object_component id="oc-272">
         <name>.debug_line</name>
         <load_address>0x299</load_address>
         <run_address>0x299</run_address>
         <size>0x6d</size>
         <input_file_ref idref="fl-2"/>
      </object_component>
      <object_component id="oc-1a4">
         <name>.debug_line</name>
         <load_address>0x306</load_address>
         <run_address>0x306</run_address>
         <size>0x6a</size>
         <input_file_ref idref="fl-2"/>
      </object_component>
      <object_component id="oc-217">
         <name>.debug_line</name>
         <load_address>0x370</load_address>
         <run_address>0x370</run_address>
         <size>0x65</size>
         <input_file_ref idref="fl-2"/>
      </object_component>
      <object_component id="oc-225">
         <name>.debug_line</name>
         <load_address>0x3d5</load_address>
         <run_address>0x3d5</run_address>
         <size>0xf5</size>
         <input_file_ref idref="fl-3"/>
      </object_component>
      <object_component id="oc-26e">
         <name>.debug_line</name>
         <load_address>0x4ca</load_address>
         <run_address>0x4ca</run_address>
         <size>0x2d</size>
         <input_file_ref idref="fl-3"/>
      </object_component>
      <object_component id="oc-227">
         <name>.debug_line</name>
         <load_address>0x4f7</load_address>
         <run_address>0x4f7</run_address>
         <size>0x2d</size>
         <input_file_ref idref="fl-3"/>
      </object_component>
      <object_component id="oc-2e">
         <name>.debug_line</name>
         <load_address>0x524</load_address>
         <run_address>0x524</run_address>
         <size>0x29d</size>
         <input_file_ref idref="fl-3"/>
      </object_component>
      <object_component id="oc-198">
         <name>.debug_line</name>
         <load_address>0x7c1</load_address>
         <run_address>0x7c1</run_address>
         <size>0x20</size>
         <input_file_ref idref="fl-3"/>
      </object_component>
      <object_component id="oc-19b">
         <name>.debug_line</name>
         <load_address>0x7e1</load_address>
         <run_address>0x7e1</run_address>
         <size>0x42</size>
         <input_file_ref idref="fl-4"/>
      </object_component>
      <object_component id="oc-31">
         <name>.debug_line</name>
         <load_address>0x823</load_address>
         <run_address>0x823</run_address>
         <size>0x42</size>
         <input_file_ref idref="fl-4"/>
      </object_component>
      <object_component id="oc-28">
         <name>.debug_line</name>
         <load_address>0x865</load_address>
         <run_address>0x865</run_address>
         <size>0xa2</size>
         <input_file_ref idref="fl-4"/>
      </object_component>
      <object_component id="oc-2e2">
         <name>.debug_line</name>
         <load_address>0x907</load_address>
         <run_address>0x907</run_address>
         <size>0x56</size>
         <input_file_ref idref="fl-5"/>
      </object_component>
      <object_component id="oc-2d5">
         <name>.debug_line</name>
         <load_address>0x95d</load_address>
         <run_address>0x95d</run_address>
         <size>0x32</size>
         <input_file_ref idref="fl-5"/>
      </object_component>
      <object_component id="oc-2e0">
         <name>.debug_line</name>
         <load_address>0x98f</load_address>
         <run_address>0x98f</run_address>
         <size>0x32</size>
         <input_file_ref idref="fl-5"/>
      </object_component>
      <object_component id="oc-2d7">
         <name>.debug_line</name>
         <load_address>0x9c1</load_address>
         <run_address>0x9c1</run_address>
         <size>0x32</size>
         <input_file_ref idref="fl-5"/>
      </object_component>
      <object_component id="oc-2d3">
         <name>.debug_line</name>
         <load_address>0x9f3</load_address>
         <run_address>0x9f3</run_address>
         <size>0x32</size>
         <input_file_ref idref="fl-5"/>
      </object_component>
      <object_component id="oc-a6">
         <name>.debug_line</name>
         <load_address>0xa25</load_address>
         <run_address>0xa25</run_address>
         <size>0x283</size>
         <input_file_ref idref="fl-5"/>
      </object_component>
      <object_component id="oc-20b">
         <name>.debug_line</name>
         <load_address>0xca8</load_address>
         <run_address>0xca8</run_address>
         <size>0x5b</size>
         <input_file_ref idref="fl-c0"/>
      </object_component>
      <object_component id="oc-96">
         <name>.debug_line</name>
         <load_address>0xd03</load_address>
         <run_address>0xd03</run_address>
         <size>0xd2</size>
         <input_file_ref idref="fl-c1"/>
      </object_component>
      <object_component id="oc-9b">
         <name>.debug_line</name>
         <load_address>0xdd5</load_address>
         <run_address>0xdd5</run_address>
         <size>0x8e</size>
         <input_file_ref idref="fl-c2"/>
      </object_component>
      <object_component id="oc-8c">
         <name>.debug_line</name>
         <load_address>0xe63</load_address>
         <run_address>0xe63</run_address>
         <size>0x5a</size>
         <input_file_ref idref="fl-c3"/>
      </object_component>
      <object_component id="oc-101">
         <name>.debug_line</name>
         <load_address>0xebd</load_address>
         <run_address>0xebd</run_address>
         <size>0x59</size>
         <input_file_ref idref="fl-c4"/>
      </object_component>
      <object_component id="oc-91">
         <name>.debug_line</name>
         <load_address>0xf16</load_address>
         <run_address>0xf16</run_address>
         <size>0x50</size>
         <input_file_ref idref="fl-c5"/>
      </object_component>
      <object_component id="oc-84">
         <name>.debug_line</name>
         <load_address>0xf66</load_address>
         <run_address>0xf66</run_address>
         <size>0x4c</size>
         <input_file_ref idref="fl-c6"/>
      </object_component>
      <object_component id="oc-281">
         <name>.debug_line</name>
         <load_address>0xfb2</load_address>
         <run_address>0xfb2</run_address>
         <size>0xa9</size>
         <input_file_ref idref="fl-c7"/>
      </object_component>
      <object_component id="oc-4e">
         <name>.debug_line</name>
         <load_address>0x105b</load_address>
         <run_address>0x105b</run_address>
         <size>0x4f</size>
         <input_file_ref idref="fl-c7"/>
      </object_component>
      <object_component id="oc-1b8">
         <name>.debug_line</name>
         <load_address>0x10aa</load_address>
         <run_address>0x10aa</run_address>
         <size>0x34</size>
         <input_file_ref idref="fl-c7"/>
      </object_component>
      <object_component id="oc-27e">
         <name>.debug_line</name>
         <load_address>0x10de</load_address>
         <run_address>0x10de</run_address>
         <size>0x95</size>
         <input_file_ref idref="fl-c7"/>
      </object_component>
      <object_component id="oc-1b3">
         <name>.debug_line</name>
         <load_address>0x1173</load_address>
         <run_address>0x1173</run_address>
         <size>0x20</size>
         <input_file_ref idref="fl-c8"/>
      </object_component>
      <object_component id="oc-1c">
         <name>.debug_line</name>
         <load_address>0x1193</load_address>
         <run_address>0x1193</run_address>
         <size>0x55</size>
         <input_file_ref idref="fl-c8"/>
      </object_component>
      <object_component id="oc-47">
         <name>.debug_line</name>
         <load_address>0x11e8</load_address>
         <run_address>0x11e8</run_address>
         <size>0x3a</size>
         <input_file_ref idref="fl-c8"/>
      </object_component>
      <object_component id="oc-1b0">
         <name>.debug_line</name>
         <load_address>0x1222</load_address>
         <run_address>0x1222</run_address>
         <size>0x95</size>
         <input_file_ref idref="fl-c8"/>
      </object_component>
      <object_component id="oc-27a">
         <name>.debug_line</name>
         <load_address>0x12b7</load_address>
         <run_address>0x12b7</run_address>
         <size>0x20</size>
         <input_file_ref idref="fl-c9"/>
      </object_component>
      <object_component id="oc-16">
         <name>.debug_line</name>
         <load_address>0x12d7</load_address>
         <run_address>0x12d7</run_address>
         <size>0xa9</size>
         <input_file_ref idref="fl-c9"/>
      </object_component>
      <object_component id="oc-37">
         <name>.debug_line</name>
         <load_address>0x1380</load_address>
         <run_address>0x1380</run_address>
         <size>0x3a</size>
         <input_file_ref idref="fl-c9"/>
      </object_component>
      <object_component id="oc-277">
         <name>.debug_line</name>
         <load_address>0x13ba</load_address>
         <run_address>0x13ba</run_address>
         <size>0x9d</size>
         <input_file_ref idref="fl-c9"/>
      </object_component>
      <object_component id="oc-1a9">
         <name>.debug_line</name>
         <load_address>0x1457</load_address>
         <run_address>0x1457</run_address>
         <size>0x99</size>
         <input_file_ref idref="fl-c9"/>
      </object_component>
      <object_component id="oc-6f">
         <name>.debug_line</name>
         <load_address>0x14f0</load_address>
         <run_address>0x14f0</run_address>
         <size>0x33</size>
         <input_file_ref idref="fl-ca"/>
      </object_component>
      <object_component id="oc-60">
         <name>.debug_line</name>
         <load_address>0x1523</load_address>
         <run_address>0x1523</run_address>
         <size>0x56</size>
         <input_file_ref idref="fl-ca"/>
      </object_component>
      <object_component id="oc-288">
         <name>.debug_line</name>
         <load_address>0x1579</load_address>
         <run_address>0x1579</run_address>
         <size>0x3c</size>
         <input_file_ref idref="fl-cb"/>
      </object_component>
      <object_component id="oc-2d9">
         <name>.debug_line</name>
         <load_address>0x15b5</load_address>
         <run_address>0x15b5</run_address>
         <size>0x37</size>
         <input_file_ref idref="fl-ce"/>
      </object_component>
      <object_component id="oc-42">
         <name>.debug_line</name>
         <load_address>0x15ec</load_address>
         <run_address>0x15ec</run_address>
         <size>0x88</size>
         <input_file_ref idref="fl-cf"/>
      </object_component>
      <object_component id="oc-339">
         <name>.debug_line</name>
         <load_address>0x1674</load_address>
         <run_address>0x1674</run_address>
         <size>0xc2</size>
         <input_file_ref idref="fl-d1"/>
      </object_component>
      <object_component id="oc-294">
         <name>.debug_line</name>
         <load_address>0x1736</load_address>
         <run_address>0x1736</run_address>
         <size>0x6c</size>
         <input_file_ref idref="fl-d1"/>
      </object_component>
      <object_component id="oc-33d">
         <name>.debug_line</name>
         <load_address>0x17a2</load_address>
         <run_address>0x17a2</run_address>
         <size>0x2e</size>
         <input_file_ref idref="fl-d1"/>
      </object_component>
      <object_component id="oc-351">
         <name>.debug_line</name>
         <load_address>0x17d0</load_address>
         <run_address>0x17d0</run_address>
         <size>0x9d</size>
         <input_file_ref idref="fl-d1"/>
      </object_component>
      <object_component id="oc-342">
         <name>.debug_line</name>
         <load_address>0x186d</load_address>
         <run_address>0x186d</run_address>
         <size>0x9a</size>
         <input_file_ref idref="fl-d1"/>
      </object_component>
      <object_component id="oc-347">
         <name>.debug_line</name>
         <load_address>0x1907</load_address>
         <run_address>0x1907</run_address>
         <size>0x96</size>
         <input_file_ref idref="fl-d1"/>
      </object_component>
      <object_component id="oc-1c5">
         <name>.debug_line</name>
         <load_address>0x199d</load_address>
         <run_address>0x199d</run_address>
         <size>0x40</size>
         <input_file_ref idref="fl-d2"/>
      </object_component>
      <object_component id="oc-2e8">
         <name>.debug_line</name>
         <load_address>0x19dd</load_address>
         <run_address>0x19dd</run_address>
         <size>0xde</size>
         <input_file_ref idref="fl-d4"/>
      </object_component>
      <object_component id="oc-120">
         <name>.debug_line</name>
         <load_address>0x1abb</load_address>
         <run_address>0x1abb</run_address>
         <size>0xa7</size>
         <input_file_ref idref="fl-d4"/>
      </object_component>
      <object_component id="oc-126">
         <name>.debug_line</name>
         <load_address>0x1b62</load_address>
         <run_address>0x1b62</run_address>
         <size>0x91</size>
         <input_file_ref idref="fl-d4"/>
      </object_component>
      <object_component id="oc-b2">
         <name>.debug_line</name>
         <load_address>0x1bf3</load_address>
         <run_address>0x1bf3</run_address>
         <size>0x9c</size>
         <input_file_ref idref="fl-d4"/>
      </object_component>
      <object_component id="oc-11a">
         <name>.debug_line</name>
         <load_address>0x1c8f</load_address>
         <run_address>0x1c8f</run_address>
         <size>0xa4</size>
         <input_file_ref idref="fl-d4"/>
      </object_component>
      <object_component id="oc-186">
         <name>.debug_line</name>
         <load_address>0x1d33</load_address>
         <run_address>0x1d33</run_address>
         <size>0x91</size>
         <input_file_ref idref="fl-d4"/>
      </object_component>
      <object_component id="oc-168">
         <name>.debug_line</name>
         <load_address>0x1dc4</load_address>
         <run_address>0x1dc4</run_address>
         <size>0x92</size>
         <input_file_ref idref="fl-d4"/>
      </object_component>
      <object_component id="oc-b8">
         <name>.debug_line</name>
         <load_address>0x1e56</load_address>
         <run_address>0x1e56</run_address>
         <size>0x91</size>
         <input_file_ref idref="fl-d4"/>
      </object_component>
      <object_component id="oc-12c">
         <name>.debug_line</name>
         <load_address>0x1ee7</load_address>
         <run_address>0x1ee7</run_address>
         <size>0x94</size>
         <input_file_ref idref="fl-d4"/>
      </object_component>
      <object_component id="oc-1d7">
         <name>.debug_line</name>
         <load_address>0x1f7b</load_address>
         <run_address>0x1f7b</run_address>
         <size>0x69</size>
         <input_file_ref idref="fl-d4"/>
      </object_component>
      <object_component id="oc-2c5">
         <name>.debug_line</name>
         <load_address>0x1fe4</load_address>
         <run_address>0x1fe4</run_address>
         <size>0x82</size>
         <input_file_ref idref="fl-d5"/>
      </object_component>
      <object_component id="oc-2fc">
         <name>.debug_line</name>
         <load_address>0x2066</load_address>
         <run_address>0x2066</run_address>
         <size>0x7d</size>
         <input_file_ref idref="fl-d5"/>
      </object_component>
      <object_component id="oc-7b">
         <name>.debug_line</name>
         <load_address>0x20e3</load_address>
         <run_address>0x20e3</run_address>
         <size>0x92</size>
[...]
      <cptbl>
         <name>__TI_cinit_table</name>
         <cprec>
            <name>.data</name>
            <load_address>0x2280</load_address>
            <load_size>0x1e</load_size>
            <run_address>0x20000258</run_address>
            <run_size>0x1d</run_size>
            <compression>lzss</compression>
         </cprec>
         <cprec>
            <name>.bss</name>
            <load_address>0x22b0</load_address>
            <load_size>0x8</load_size>
            <run_address>0x20000200</run_address>
            <run_size>0x58</run_size>
            <compression>zero_init</compression>
         </cprec>
      </cptbl>
   </cptbl_list>
   <handler_table>
      <handler_table_name>__TI_handler_table</handler_table_name>
      <handler>
         <index>0x0</index>
         <name>__TI_decompress_lzss</name>
      </handler>
      <handler>
         <index>0x1</index>
         <name>__TI_decompress_none</name>
      </handler>
      <handler>
         <index>0x2</index>
         <name>__TI_zero_init</name>
      </handler>
   </handler_table>
   <symbol_table>
      <symbol id="sm-1">
         <name>__STACK_TOP</name>
         <value>0x20000200</value>
      </symbol>
      <symbol id="sm-2">
         <name>__TI_CINIT_Base</name>
         <value>0x22b8</value>
      </symbol>
      <symbol id="sm-3">
         <name>__TI_CINIT_Limit</name>
         <value>0x22c8</value>
      </symbol>
      <symbol id="sm-4">
         <name>__TI_Handler_Table_Base</name>
         <value>0x22a0</value>
      </symbol>
      <symbol id="sm-5">
         <name>__TI_Handler_Table_Limit</name>
         <value>0x22ac</value>
      </symbol>
      <symbol id="sm-6">
         <name>binit</name>
         <value>0xffffffff</value>
      </symbol>
      <symbol id="sm-7">
         <name>__binit__</name>
         <value>0xffffffff</value>
      </symbol>
      <symbol id="sm-8">
         <name>__STACK_SIZE</name>
         <value>0x200</value>
      </symbol>
      <symbol id="sm-9">
         <name>__STACK_END</name>
         <value>0x20000200</value>
      </symbol>
      <symbol id="sm-a">
         <name>__c_args__</name>
         <value>0xffffffff</value>
      </symbol>
      <symbol id="sm-b">
         <name>__TI_pprof_out_hndl</name>
         <value>0xffffffff</value>
      </symbol>
      <symbol id="sm-c">
         <name>__TI_prof_data_start</name>
         <value>0xffffffff</value>
      </symbol>
      <symbol id="sm-d">
         <name>__TI_prof_data_size</name>
         <value>0xffffffff</value>
      </symbol>
      <symbol id="sm-6c">
         <name>i</name>
         <value>0x20000240</value>
      </symbol>
      <symbol id="sm-6d">
         <name>toggleEn</name>
         <value>0xe5d</value>
         <object_component_ref idref="oc-a8"/>
      </symbol>
      <symbol id="sm-6e">
         <name>LCDInit</name>
         <value>0xf11</value>
         <object_component_ref idref="oc-a8"/>
      </symbol>
      <symbol id="sm-6f">
         <name>LCDPrintS</name>
         <value>0xfeb</value>
         <object_component_ref idref="oc-a8"/>
      </symbol>
      <symbol id="sm-70">
         <name>LCDPrintC</name>
         <value>0xf39</value>
         <object_component_ref idref="oc-a8"/>
      </symbol>
      <symbol id="sm-71">
         <name>LCDPrintC_pos</name>
         <value>0x1007</value>
         <object_component_ref idref="oc-a8"/>
      </symbol>
      <symbol id="sm-72">
         <name>LCDPrintS_pos</name>
         <value>0x102b</value>
         <object_component_ref idref="oc-a8"/>
      </symbol>
      <symbol id="sm-73">
         <name>dataWrite</name>
         <value>0xee5</value>
         <object_component_ref idref="oc-a8"/>
      </symbol>
      <symbol id="sm-74">
         <name>setPos</name>
         <value>0x104b</value>
         <object_component_ref idref="oc-a8"/>
      </symbol>
      <symbol id="sm-75">
         <name>pos</name>
         <value>0x2000026d</value>
         <object_component_ref idref="oc-21c"/>
      </symbol>
      <symbol id="sm-76">
         <name>cmdWrite</name>
         <value>0xeb9</value>
         <object_component_ref idref="oc-a8"/>
      </symbol>
      <symbol id="sm-114">
         <name>SysClock</name>
         <value>0x20000228</value>
      </symbol>
      <symbol id="sm-115">
         <name>timer_start</name>
         <value>0x20000250</value>
      </symbol>
      <symbol id="sm-116">
         <name>timer0_cnt</name>
         <value>0x20000248</value>
      </symbol>
      <symbol id="sm-117">
         <name>timer1_cnt</name>
         <value>0x2000024c</value>
      </symbol>
      <symbol id="sm-118">
         <name>cm</name>
         <value>0x20000220</value>
      </symbol>
      <symbol id="sm-119">
         <name>de_cm</name>
         <value>0x20000238</value>
      </symbol>
      <symbol id="sm-11a">
         <name>int_cm</name>
         <value>0x20000244</value>
      </symbol>
      <symbol id="sm-11b">
         <name>delay</name>
         <value>0x2000023c</value>
      </symbol>
      <symbol id="sm-11c">
         <name>ulPeriod</name>
         <value>0x20000254</value>
      </symbol>
      <symbol id="sm-11d">
         <name>cds0</name>
         <value>0x2000022c</value>
      </symbol>
      <symbol id="sm-11e">
         <name>cds1</name>
         <value>0x20000230</value>
      </symbol>
      <symbol id="sm-11f">
         <name>cds2</name>
         <value>0x20000234</value>
      </symbol>
      <symbol id="sm-120">
         <name>ADC</name>
         <value>0x20000200</value>
      </symbol>
      <symbol id="sm-121">
         <name>ADCSeq0Handler</name>
         <value>0x385</value>
         <object_component_ref idref="oc-2a"/>
      </symbol>
      <symbol id="sm-122">
         <name>lcd_top</name>
         <value>0x20000258</value>
         <object_component_ref idref="oc-190"/>
      </symbol>
      <symbol id="sm-123">
         <name>ADCSeq1Handler</name>
         <value>0x3a3</value>
         <object_component_ref idref="oc-2a"/>
      </symbol>
      <symbol id="sm-124">
         <name>Int_Timer1</name>
         <value>0x253</value>
         <object_component_ref idref="oc-2a"/>
      </symbol>
      <symbol id="sm-125">
         <name>Int_Timer0</name>
         <value>0x209</value>
         <object_component_ref idref="oc-2a"/>
      </symbol>
      <symbol id="sm-126">
         <name>main</name>
         <value>0x469</value>
         <object_component_ref idref="oc-2a"/>
      </symbol>
      <symbol id="sm-127">
         <name>Delay</name>
         <value>0x3df</value>
         <object_component_ref idref="oc-2a"/>
      </symbol>
      <symbol id="sm-128">
         <name>Int_GPIOD</name>
         <value>0x305</value>
         <object_component_ref idref="oc-2a"/>
      </symbol>
      <symbol id="sm-129">
         <name>Int_GPIOJ</name>
         <value>0x2e5</value>
         <object_component_ref idref="oc-2a"/>
      </symbol>
      <symbol id="sm-12a">
         <name>Int_GPIOM</name>
         <value>0x267</value>
         <object_component_ref idref="oc-2a"/>
      </symbol>
      <symbol id="sm-12b">
         <name>lcd_bottom</name>
         <value>0x20000264</value>
         <object_component_ref idref="oc-bf"/>
      </symbol>
      <symbol id="sm-12c">
         <name>ADCSeq2Handler</name>
         <value>0x3c1</value>
         <object_component_ref idref="oc-2a"/>
      </symbol>
      <symbol id="sm-148">
         <name>ResetISR</name>
         <value>0x1ead</value>
         <object_component_ref idref="oc-24"/>
      </symbol>
      <symbol id="sm-149">
         <name>g_pfnVectors</name>
         <value>0x0</value>
         <object_component_ref idref="oc-f"/>
      </symbol>
      <symbol id="sm-1b8">
         <name>UARTgetc</name>
         <value>0xb07</value>
         <object_component_ref idref="oc-a2"/>
      </symbol>
      <symbol id="sm-1b9">
         <name>UARTgets</name>
         <value>0xa4d</value>
         <object_component_ref idref="oc-a2"/>
      </symbol>
      <symbol id="sm-1ba">
         <name>UARTStdioConfig</name>
         <value>0x9c1</value>
         <object_component_ref idref="oc-a2"/>
      </symbol>
      <symbol id="sm-1bb">
         <name>UARTwrite</name>
         <value>0xa07</value>
         <object_component_ref idref="oc-a2"/>
      </symbol>
      <symbol id="sm-1bc">
         <name>UARTprintf</name>
         <value>0xe27</value>
         <object_component_ref idref="oc-a2"/>
      </symbol>
      <symbol id="sm-1bd">
         <name>UARTvprintf</name>
         <value>0xb2d</value>
         <object_component_ref idref="oc-a2"/>
      </symbol>
      <symbol id="sm-1cc">
         <name>__aeabi_uidivmod</name>
         <value>0x1b01</value>
         <object_component_ref idref="oc-20a"/>
      </symbol>
      <symbol id="sm-1cd">
         <name>__aeabi_uidiv</name>
         <value>0x1b01</value>
         <object_component_ref idref="oc-20a"/>
      </symbol>
      <symbol id="sm-1e4">
         <name>__aeabi_dsub</name>
         <value>0x1285</value>
         <object_component_ref idref="oc-92"/>
      </symbol>
      <symbol id="sm-1e5">
         <name>__aeabi_dadd</name>
         <value>0x128f</value>
         <object_component_ref idref="oc-92"/>
      </symbol>
      <symbol id="sm-1f0">
         <name>__aeabi_dmul</name>
         <value>0x156d</value>
         <object_component_ref idref="oc-97"/>
      </symbol>
      <symbol id="sm-1fa">
         <name>__aeabi_d2iz</name>
         <value>0x19e9</value>
         <object_component_ref idref="oc-88"/>
      </symbol>
      <symbol id="sm-204">
         <name>__aeabi_d2uiz</name>
         <value>0x1abd</value>
         <object_component_ref idref="oc-ff"/>
      </symbol>
      <symbol id="sm-20e">
         <name>__aeabi_i2d</name>
         <value>0x1c1d</value>
         <object_component_ref idref="oc-8d"/>
      </symbol>
      <symbol id="sm-218">
         <name>__aeabi_ui2d</name>
         <value>0x1cd9</value>
         <object_component_ref idref="oc-83"/>
      </symbol>
      <symbol id="sm-231">
         <name>__TI_zero_init_nomemset</name>
         <value>0x1e11</value>
         <object_component_ref idref="oc-4a"/>
      </symbol>
      <symbol id="sm-248">
         <name>__TI_decompress_none</name>
         <value>0x1e6f</value>
         <object_component_ref idref="oc-18"/>
      </symbol>
      <symbol id="sm-26b">
         <name>__TI_decompress_lzss</name>
         <value>0x17e9</value>
         <object_component_ref idref="oc-12"/>
      </symbol>
      <symbol id="sm-27e">
         <name>__stack</name>
         <value>0x20000000</value>
         <object_component_ref idref="oc-21"/>
      </symbol>
      <symbol id="sm-27f">
         <name>_c_int00_noargs</name>
         <value>0x1bb1</value>
         <object_component_ref idref="oc-5c"/>
      </symbol>
      <symbol id="sm-28a">
         <name>C$$EXIT</name>
         <value>0x1ef9</value>
         <object_component_ref idref="oc-284"/>
      </symbol>
      <symbol id="sm-28b">
         <name>abort</name>
         <value>0x1ef9</value>
         <object_component_ref idref="oc-284"/>
      </symbol>
      <symbol id="sm-297">
         <name>__aeabi_idiv0</name>
         <value>0x177f</value>
         <object_component_ref idref="oc-2d8"/>
      </symbol>
      <symbol id="sm-298">
         <name>__aeabi_ldiv0</name>
         <value>0x177f</value>
         <object_component_ref idref="oc-2d8"/>
      </symbol>
      <symbol id="sm-2b3">
         <name>memcpy</name>
         <value>0x1669</value>
         <object_component_ref idref="oc-3e"/>
      </symbol>
      <symbol id="sm-2b4">
         <name>__aeabi_memcpy</name>
         <value>0x1669</value>
         <object_component_ref idref="oc-3e"/>
      </symbol>
      <symbol id="sm-2b5">
         <name>__aeabi_memcpy8</name>
         <value>0x1669</value>
         <object_component_ref idref="oc-3e"/>
      </symbol>
      <symbol id="sm-2b6">
         <name>__aeabi_memcpy4</name>
         <value>0x1669</value>
         <object_component_ref idref="oc-3e"/>
      </symbol>
      <symbol id="sm-2df">
         <name>__TI_auto_init_nobinit_nopinit</name>
         <value>0x1a79</value>
         <object_component_ref idref="oc-290"/>
      </symbol>
      <symbol id="sm-2e9">
         <name>_system_pre_init</name>
         <value>0x1ef5</value>
         <object_component_ref idref="oc-1c1"/>
      </symbol>
      <symbol id="sm-33b">
         <name>ADCProcessorTrigger</name>
         <value>0x1d4d</value>
         <object_component_ref idref="oc-182"/>
      </symbol>
      <symbol id="sm-33c">
         <name>ADCSequenceEnable</name>
         <value>0x1e53</value>
         <object_component_ref idref="oc-122"/>
      </symbol>
      <symbol id="sm-33d">
         <name>ADCSequenceConfigure</name>
         <value>0x1907</value>
         <object_component_ref idref="oc-116"/>
      </symbol>
      <symbol id="sm-33e">
         <name>ADCIntEnable</name>
         <value>0x1e23</value>
         <object_component_ref idref="oc-164"/>
      </symbol>
      <symbol id="sm-33f">
         <name>ADCSequenceStepConfigure</name>
         <value>0x1705</value>
         <object_component_ref idref="oc-11c"/>
      </symbol>
      <symbol id="sm-340">
         <name>ADCIntClear</name>
         <value>0x1eb9</value>
         <object_component_ref idref="oc-b4"/>
      </symbol>
      <symbol id="sm-341">
         <name>ADCClockConfigSet</name>
         <value>0x1d35</value>
         <object_component_ref idref="oc-128"/>
      </symbol>
      <symbol id="sm-342">
         <name>ADCSequenceDataGet</name>
         <value>0x1cf9</value>
         <object_component_ref idref="oc-ae"/>
      </symbol>
      <symbol id="sm-3bc">
         <name>GPIOPinTypePWM</name>
         <value>0x1dc9</value>
         <object_component_ref idref="oc-e1"/>
      </symbol>
      <symbol id="sm-3bd">
         <name>GPIOPinConfigure</name>
         <value>0x1959</value>
         <object_component_ref idref="oc-db"/>
      </symbol>
      <symbol id="sm-3be">
         <name>GPIOIntEnable</name>
         <value>0x1e89</value>
         <object_component_ref idref="oc-17c"/>
      </symbol>
      <symbol id="sm-3bf">
         <name>GPIOIntTypeSet</name>
         <value>0x18b1</value>
         <object_component_ref idref="oc-146"/>
      </symbol>
      <symbol id="sm-3c0">
         <name>GPIOPinTypeADC</name>
         <value>0x1da5</value>
         <object_component_ref idref="oc-110"/>
      </symbol>
      <symbol id="sm-3c1">
         <name>GPIOPinTypeGPIOInput</name>
         <value>0x1db7</value>
         <object_component_ref idref="oc-14c"/>
      </symbol>
      <symbol id="sm-3c2">
         <name>GPIOIntClear</name>
         <value>0x1edf</value>
         <object_component_ref idref="oc-9c"/>
      </symbol>
      <symbol id="sm-3c3">
         <name>GPIOPinTypeUART</name>
         <value>0x1ddb</value>
         <object_component_ref idref="oc-134"/>
      </symbol>
      <symbol id="sm-3c4">
         <name>GPIOPinTypeGPIOOutput</name>
         <value>0x1d65</value>
         <object_component_ref idref="oc-12e"/>
      </symbol>
      <symbol id="sm-3c5">
         <name>GPIOPinRead</name>
         <value>0x1ee5</value>
         <object_component_ref idref="oc-7d"/>
      </symbol>
      <symbol id="sm-3c6">
         <name>GPIODirModeSet</name>
         <value>0x1c4b</value>
         <object_component_ref idref="oc-13a"/>
      </symbol>
      <symbol id="sm-3c7">
         <name>GPIOPinWrite</name>
         <value>0x1eeb</value>
         <object_component_ref idref="oc-77"/>
      </symbol>
      <symbol id="sm-3c8">
         <name>GPIOPadConfigSet</name>
         <value>0x143b</value>
         <object_component_ref idref="oc-140"/>
      </symbol>
      <symbol id="sm-3f8">
         <name>IntEnable</name>
         <value>0x1781</value>
         <object_component_ref idref="oc-16a"/>
      </symbol>
      <symbol id="sm-3f9">
         <name>IntMasterEnable</name>
         <value>0x1e33</value>
         <object_component_ref idref="oc-15e"/>
      </symbol>
      <symbol id="sm-438">
         <name>PWMGenPeriodSet</name>
         <value>0x1e43</value>
         <object_component_ref idref="oc-f3"/>
      </symbol>
      <symbol id="sm-439">
         <name>PWMGenDisable</name>
         <value>0x1e95</value>
         <object_component_ref idref="oc-10a"/>
      </symbol>
      <symbol id="sm-43a">
         <name>PWMClockSet</name>
         <value>0x1d7d</value>
         <object_component_ref idref="oc-e7"/>
      </symbol>
      <symbol id="sm-43b">
         <name>PWMPulseWidthSet</name>
         <value>0x1d17</value>
         <object_component_ref idref="oc-104"/>
      </symbol>
      <symbol id="sm-43c">
         <name>PWMOutputState</name>
         <value>0x1ded</value>
         <object_component_ref idref="oc-f9"/>
      </symbol>
      <symbol id="sm-43d">
         <name>PWMGenEnable</name>
         <value>0x1ea1</value>
         <object_component_ref idref="oc-18a"/>
      </symbol>
      <symbol id="sm-43e">
         <name>PWMGenConfigure</name>
         <value>0x1c75</value>
         <object_component_ref idref="oc-ed"/>
      </symbol>
      <symbol id="sm-4c3">
         <name>SysCtlPeripheralPresent</name>
         <value>0x1b41</value>
         <object_component_ref idref="oc-1e3"/>
      </symbol>
      <symbol id="sm-4c4">
         <name>SysCtlPeripheralEnable</name>
         <value>0x1be9</value>
         <object_component_ref idref="oc-cc"/>
      </symbol>
      <symbol id="sm-4c5">
         <name>SysCtlPeripheralReady</name>
         <value>0x1b79</value>
         <object_component_ref idref="oc-d2"/>
      </symbol>
      <symbol id="sm-4c6">
         <name>SysCtlClockFreqSet</name>
         <value>0x1085</value>
         <object_component_ref idref="oc-c6"/>
      </symbol>
      <symbol id="sm-4fa">
         <name>TimerLoadSet</name>
         <value>0x1dff</value>
         <object_component_ref idref="oc-158"/>
      </symbol>
      <symbol id="sm-4fb">
         <name>TimerEnable</name>
         <value>0x1e61</value>
         <object_component_ref idref="oc-176"/>
      </symbol>
      <symbol id="sm-4fc">
         <name>TimerIntEnable</name>
         <value>0x1ed7</value>
         <object_component_ref idref="oc-170"/>
      </symbol>
      <symbol id="sm-4fd">
         <name>TimerConfigure</name>
         <value>0x1851</value>
         <object_component_ref idref="oc-152"/>
      </symbol>
      <symbol id="sm-4fe">
         <name>TimerIntClear</name>
         <value>0x1ef1</value>
         <object_component_ref idref="oc-71"/>
      </symbol>
      <symbol id="sm-531">
         <name>UARTConfigSetExpClk</name>
         <value>0x1a31</value>
         <object_component_ref idref="oc-1e9"/>
      </symbol>
      <symbol id="sm-532">
         <name>UARTDisable</name>
         <value>0x1c99</value>
         <object_component_ref idref="oc-2c7"/>
      </symbol>
      <symbol id="sm-533">
         <name>UARTCharPut</name>
         <value>0x1ecd</value>
         <object_component_ref idref="oc-1f5"/>
      </symbol>
      <symbol id="sm-534">
         <name>UARTEnable</name>
         <value>0x1d91</value>
         <object_component_ref idref="oc-1ef"/>
      </symbol>
      <symbol id="sm-535">
         <name>UARTCharGet</name>
         <value>0x1ec3</value>
         <object_component_ref idref="oc-1fb"/>
      </symbol>
      <symbol id="sm-53f">
         <name>CPUcpsie</name>
         <value>0x1e7d</value>
         <object_component_ref idref="oc-25b"/>
      </symbol>
      <symbol id="sm-540">
         <name>__TI_static_base__</name>
         <value>0x0</value>
      </symbol>
      <symbol id="sm-543">
         <name>__mpu_init</name>
         <value>0x0</value>
      </symbol>
      <symbol id="sm-544">
         <name>_system_post_cinit</name>
         <value>0x0</value>
      </symbol>
   </symbol_table>
   <title>Link successful</title>
</link_info>
