******************************************************************************
                  TI ARM Linker PC v18.1.4                     
******************************************************************************
>> Linked Tue Jun  4 18:10:57 2019

OUTPUT FILE NAME:   <uP_project_20175101_csp.out>
ENTRY POINT SYMBOL: "_c_int00_noargs"  address: 00001bb1


MEMORY CONFIGURATION

         name            origin    length      used     unused   attr    fill
----------------------  --------  ---------  --------  --------  ----  --------
  FLASH                 00000000   00100000  000022c8  000fdd38  R  X
  SRAM                  20000000   00040000  00000275  0003fd8b  RW X


SEGMENT ALLOCATION MAP

run origin  load origin   length   init length attrs members
----------  ----------- ---------- ----------- ----- -------
00000000    00000000    000022c8   000022c8    r-x
  00000000    00000000    00000208   00000208    r-- .intvecs
  00000208    00000208    00001cf4   00001cf4    r-x .text
  00001efc    00001efc    00000384   00000384    r-- .const
  00002280    00002280    00000048   00000048    r-- .cinit
20000000    20000000    00000275   00000000    rw-
  20000000    20000000    00000200   00000000    rw- .stack
  20000200    20000200    00000058   00000000    rw- .bss
  20000258    20000258    0000001d   00000000    rw- .data


SECTION ALLOCATION MAP

 output                                  attributes/
section   page    origin      length       input sections
--------  ----  ----------  ----------   ----------------
.intvecs   0    00000000    00000208     
                  00000000    00000208     tm4c1294ncpdt_startup_ccs.obj (.intvecs)

.text      0    00000208    00001cf4     
                  00000208    000007b8     main.obj (.text)
                  000009c0    0000049c     uartstdio.obj (.text)
                  00000e5c    00000228     lcd1602_drv.obj (.text)
                  00001084    00000200     driverlib.lib : sysctl.obj (.text:SysCtlClockFreqSet)
                  00001284    000001b6     rtsv7M4_T_le_v4SPD16_eabi.lib : fd_add_t2.asm.obj (.text)
                  0000143a    00000132     driverlib.lib : gpio.obj (.text:GPIOPadConfigSet)
                  0000156c    000000fc     rtsv7M4_T_le_v4SPD16_eabi.lib : fd_mul_t2.asm.obj (.text)
                  00001668    0000009c                                   : memcpy_t2.asm.obj (.text)
                  00001704    0000007a     driverlib.lib : adc.obj (.text:ADCSequenceStepConfigure)
                  0000177e    00000002     rtsv7M4_T_le_v4SPD16_eabi.lib : div0.asm.obj (.text)
                  00001780    00000068     driverlib.lib : interrupt.obj (.text:IntEnable)
                  000017e8    00000068     rtsv7M4_T_le_v4SPD16_eabi.lib : copy_decompress_lzss.c.obj (.text:decompress:lzss:__TI_decompress_lzss)
                  00001850    00000060     driverlib.lib : timer.obj (.text:TimerConfigure)
                  000018b0    00000056                   : gpio.obj (.text:GPIOIntTypeSet)
                  00001906    00000050                   : adc.obj (.text:ADCSequenceConfigure)
                  00001956    00000002     --HOLE-- [fill = 0]
                  00001958    00000048                   : gpio.obj (.text:GPIOPinConfigure)
                  000019a0    00000048                   : sysctl.obj (.text:_SysCtlFrequencyGet)
                  000019e8    00000048     rtsv7M4_T_le_v4SPD16_eabi.lib : fd_toi_t2.asm.obj (.text)
                  00001a30    00000046     driverlib.lib : uart.obj (.text:UARTConfigSetExpClk)
                  00001a76    00000002     --HOLE-- [fill = 0]
                  00001a78    00000044     rtsv7M4_T_le_v4SPD16_eabi.lib : autoinit.c.obj (.text:__TI_auto_init_nobinit_nopinit:__TI_auto_init_nobinit_nopinit)
                  00001abc    00000044                                   : fd_tou_t2.asm.obj (.text)
                  00001b00    00000040                                   : u_divt2.asm.obj (.text)
                  00001b40    00000038     driverlib.lib : sysctl.obj (.text:SysCtlPeripheralPresent)
                  00001b78    00000038                   : sysctl.obj (.text:SysCtlPeripheralReady)
                  00001bb0    00000038     rtsv7M4_T_le_v4SPD16_eabi.lib : boot_cortex_m.c.obj (.text:_c_int00_noargs:_c_int00_noargs)
                  00001be8    00000034     driverlib.lib : sysctl.obj (.text:SysCtlPeripheralEnable)
                  00001c1c    0000002e     rtsv7M4_T_le_v4SPD16_eabi.lib : i_tofd_t2.asm.obj (.text)
                  00001c4a    0000002a     driverlib.lib : gpio.obj (.text:GPIODirModeSet)
                  00001c74    00000022                   : pwm.obj (.text:PWMGenConfigure)
                  00001c96    00000002     --HOLE-- [fill = 0]
                  00001c98    00000020                   : uart.obj (.text:UARTDisable)
                  00001cb8    00000020                   : sysctl.obj (.text:_SysCtlMemTimingGet)
                  00001cd8    00000020     rtsv7M4_T_le_v4SPD16_eabi.lib : u_tofd_t2.asm.obj (.text)
                  00001cf8    0000001e     driverlib.lib : adc.obj (.text:ADCSequenceDataGet)
                  00001d16    0000001e                   : pwm.obj (.text:PWMPulseWidthSet)
                  00001d34    00000018                   : adc.obj (.text:ADCClockConfigSet)
                  00001d4c    00000018                   : adc.obj (.text:ADCProcessorTrigger)
                  00001d64    00000018                   : gpio.obj (.text:GPIOPinTypeGPIOOutput)
                  00001d7c    00000014                   : pwm.obj (.text:PWMClockSet)
                  00001d90    00000014                   : uart.obj (.text:UARTEnable)
                  00001da4    00000012                   : gpio.obj (.text:GPIOPinTypeADC)
                  00001db6    00000012                   : gpio.obj (.text:GPIOPinTypeGPIOInput)
                  00001dc8    00000012                   : gpio.obj (.text:GPIOPinTypePWM)
                  00001dda    00000012                   : gpio.obj (.text:GPIOPinTypeUART)
                  00001dec    00000012                   : pwm.obj (.text:PWMOutputState)
                  00001dfe    00000012                   : timer.obj (.text:TimerLoadSet)
                  00001e10    00000012     rtsv7M4_T_le_v4SPD16_eabi.lib : copy_zero_init.c.obj (.text:decompress:ZI:__TI_zero_init_nomemset:__TI_zero_init_nomemset)
                  00001e22    00000010     driverlib.lib : adc.obj (.text:ADCIntEnable)
                  00001e32    00000010                   : interrupt.obj (.text:IntMasterEnable)
                  00001e42    00000010                   : pwm.obj (.text:PWMGenPeriodSet)
                  00001e52    0000000e                   : adc.obj (.text:ADCSequenceEnable)
                  00001e60    0000000e                   : timer.obj (.text:TimerEnable)
                  00001e6e    0000000e     rtsv7M4_T_le_v4SPD16_eabi.lib : copy_decompress_none.c.obj (.text:decompress:none:__TI_decompress_none)
                  00001e7c    0000000c     driverlib.lib : cpu.obj (.text:CPUcpsie)
                  00001e88    0000000c                   : gpio.obj (.text:GPIOIntEnable)
                  00001e94    0000000c                   : pwm.obj (.text:PWMGenDisable)
                  00001ea0    0000000c                   : pwm.obj (.text:PWMGenEnable)
                  00001eac    0000000c     tm4c1294ncpdt_startup_ccs.obj (.text)
                  00001eb8    0000000a     driverlib.lib : adc.obj (.text:ADCIntClear)
                  00001ec2    0000000a                   : uart.obj (.text:UARTCharGet)
                  00001ecc    0000000a                   : uart.obj (.text:UARTCharPut)
                  00001ed6    00000008                   : timer.obj (.text:TimerIntEnable)
                  00001ede    00000006                   : gpio.obj (.text:GPIOIntClear)
                  00001ee4    00000006                   : gpio.obj (.text:GPIOPinRead)
                  00001eea    00000006                   : gpio.obj (.text:GPIOPinWrite)
                  00001ef0    00000004                   : timer.obj (.text:TimerIntClear)
                  00001ef4    00000004     rtsv7M4_T_le_v4SPD16_eabi.lib : pre_init.c.obj (.text:_system_pre_init)
                  00001ef8    00000004                                   : exit.c.obj (.text:abort:abort)

.const     0    00001efc    00000384     
                  00001efc    000001b0     driverlib.lib : sysctl.obj (.const:g_pppui32XTALtoVCO)
                  000020ac    00000090                   : gpio.obj (.const:g_pui32GPIOBaseAddrs)
                  0000213c    00000070                   : interrupt.obj (.const)
                  000021ac    0000006c                   : sysctl.obj (.const:g_pui32Xtals)
                  00002218    00000030                   : sysctl.obj (.const:g_sXTALtoMEMTIM)
                  00002248    00000012     uartstdio.obj (.const:.string)
                  0000225a    00000002     --HOLE-- [fill = 0]
                  0000225c    0000000c     uartstdio.obj (.const:g_ui32UARTBase)
                  00002268    0000000c     uartstdio.obj (.const:g_ui32UARTPeriph)
                  00002274    00000008     driverlib.lib : sysctl.obj (.const)
                  0000227c    00000004     uartstdio.obj (.const)

.cinit     0    00002280    00000048     
                  00002280    0000001e     (.cinit..data.load) [load image, compression = lzss]
                  0000229e    00000002     --HOLE-- [fill = 0]
                  000022a0    0000000c     (__TI_handler_table)
                  000022ac    00000004     --HOLE-- [fill = 0]
                  000022b0    00000008     (.cinit..bss.load) [load image, compression = zero_init]
                  000022b8    00000010     (__TI_cinit_table)

.init_array 
*          0    00000000    00000000     UNINITIALIZED

.bss       0    20000200    00000058     UNINITIALIZED
                  20000200    00000020     (.common:ADC)
                  20000220    00000008     (.common:cm)
                  20000228    00000004     (.common:SysClock)
                  2000022c    00000004     (.common:cds0)
                  20000230    00000004     (.common:cds1)
                  20000234    00000004     (.common:cds2)
                  20000238    00000004     (.common:de_cm)
                  2000023c    00000004     (.common:delay)
                  20000240    00000004     (.common:i)
                  20000244    00000004     (.common:int_cm)
                  20000248    00000004     (.common:timer0_cnt)
                  2000024c    00000004     (.common:timer1_cnt)
                  20000250    00000004     (.common:timer_start)
                  20000254    00000004     (.common:ulPeriod)

.data      0    20000258    0000001d     UNINITIALIZED
                  20000258    0000000c     main.obj (.data:lcd_top)
                  20000264    00000009     main.obj (.data:lcd_bottom)
                  2000026d    00000001     lcd1602_drv.obj (.data)
                  2000026e    00000002     --HOLE--
                  20000270    00000005     uartstdio.obj (.data)

.stack     0    20000000    00000200     UNINITIALIZED
                  20000000    00000004     rtsv7M4_T_le_v4SPD16_eabi.lib : boot_cortex_m.c.obj (.stack)
                  20000004    000001fc     --HOLE--

MODULE SUMMARY

       Module                          code   ro data   rw data
       ------                          ----   -------   -------
    .\
       main.obj                        1976   0         105    
       uartstdio.obj                   1180   46        5      
       lcd1602_drv.obj                 552    0         5      
       tm4c1294ncpdt_startup_ccs.obj   12     520       0      
    +--+-------------------------------+------+---------+---------+
       Total:                          3720   566       115    
                                                               
    C:/ti/driverlib/ccs/Debug/driverlib.lib
       sysctl.obj                      780    596       0      
       gpio.obj                        632    144       0      
       adc.obj                         320    0         0      
       interrupt.obj                   120    112       0      
       pwm.obj                         142    0         0      
       uart.obj                        142    0         0      
       timer.obj                       140    0         0      
       cpu.obj                         12     0         0      
    +--+-------------------------------+------+---------+---------+
       Total:                          2288   852       0      
                                                               
    C:\ti\ccsv8\tools\compiler\ti-cgt-arm_18.1.4.LTS\lib\rtsv7M4_T_le_v4SPD16_eabi.lib
       fd_add_t2.asm.obj               438    0         0      
       fd_mul_t2.asm.obj               252    0         0      
       memcpy_t2.asm.obj               156    0         0      
       copy_decompress_lzss.c.obj      104    0         0      
       fd_toi_t2.asm.obj               72     0         0      
       autoinit.c.obj                  68     0         0      
       fd_tou_t2.asm.obj               68     0         0      
       u_divt2.asm.obj                 64     0         0      
       boot_cortex_m.c.obj             56     0         0      
       i_tofd_t2.asm.obj               46     0         0      
       u_tofd_t2.asm.obj               32     0         0      
       copy_zero_init.c.obj            18     0         0      
       copy_decompress_none.c.obj      14     0         0      
       exit.c.obj                      4      0         0      
       pre_init.c.obj                  4      0         0      
       div0.asm.obj                    2      0         0      
    +--+-------------------------------+------+---------+---------+
       Total:                          1398   0         0      
                                                               
       Stack:                          0      0         512    
       Linker Generated:               0      66        0      
    +--+-------------------------------+------+---------+---------+
       Grand Total:                    7406   1484      627    


LINKER GENERATED COPY TABLES

__TI_cinit_table @ 000022b8 records: 2, size/record: 8, table size: 16
	.data: load addr=00002280, load size=0000001e bytes, run addr=20000258, run size=0000001d bytes, compression=lzss
	.bss: load addr=000022b0, load size=00000008 bytes, run addr=20000200, run size=00000058 bytes, compression=zero_init


LINKER GENERATED HANDLER TABLE

__TI_handler_table @ 000022a0 records: 3, size/record: 4, table size: 12
	index: 0, handler: __TI_decompress_lzss
	index: 1, handler: __TI_decompress_none
	index: 2, handler: __TI_zero_init


GLOBAL SYMBOLS: SORTED ALPHABETICALLY BY Name 

address   name                          
-------   ----                          
20000200  ADC                           
00001d35  ADCClockConfigSet             
00001eb9  ADCIntClear                   
00001e23  ADCIntEnable                  
00001d4d  ADCProcessorTrigger           
00000385  ADCSeq0Handler                
000003a3  ADCSeq1Handler                
000003c1  ADCSeq2Handler                
00001907  ADCSequenceConfigure          
00001cf9  ADCSequenceDataGet            
00001e53  ADCSequenceEnable             
00001705  ADCSequenceStepConfigure      
00001ef9  C$$EXIT                       
00001e7d  CPUcpsie                      
000003df  Delay                         
00001c4b  GPIODirModeSet                
00001edf  GPIOIntClear                  
00001e89  GPIOIntEnable                 
000018b1  GPIOIntTypeSet                
0000143b  GPIOPadConfigSet              
00001959  GPIOPinConfigure              
00001ee5  GPIOPinRead                   
00001da5  GPIOPinTypeADC                
00001db7  GPIOPinTypeGPIOInput          
00001d65  GPIOPinTypeGPIOOutput         
00001dc9  GPIOPinTypePWM                
00001ddb  GPIOPinTypeUART               
00001eeb  GPIOPinWrite                  
00001781  IntEnable                     
00001e33  IntMasterEnable               
00000305  Int_GPIOD                     
000002e5  Int_GPIOJ                     
00000267  Int_GPIOM                     
00000209  Int_Timer0                    
00000253  Int_Timer1                    
00000f11  LCDInit                       
00000f39  LCDPrintC                     
00001007  LCDPrintC_pos                 
00000feb  LCDPrintS                     
0000102b  LCDPrintS_pos                 
00001d7d  PWMClockSet                   
00001c75  PWMGenConfigure               
00001e95  PWMGenDisable                 
00001ea1  PWMGenEnable                  
00001e43  PWMGenPeriodSet               
00001ded  PWMOutputState                
00001d17  PWMPulseWidthSet              
00001ead  ResetISR                      
20000228  SysClock                      
00001085  SysCtlClockFreqSet            
00001be9  SysCtlPeripheralEnable        
00001b41  SysCtlPeripheralPresent       
00001b79  SysCtlPeripheralReady         
00001851  TimerConfigure                
00001e61  TimerEnable                   
00001ef1  TimerIntClear                 
00001ed7  TimerIntEnable                
00001dff  TimerLoadSet                  
00001ec3  UARTCharGet                   
00001ecd  UARTCharPut                   
00001a31  UARTConfigSetExpClk           
00001c99  UARTDisable                   
00001d91  UARTEnable                    
000009c1  UARTStdioConfig               
00000b07  UARTgetc                      
00000a4d  UARTgets                      
00000e27  UARTprintf                    
00000b2d  UARTvprintf                   
00000a07  UARTwrite                     
20000200  __STACK_END                   
00000200  __STACK_SIZE                  
20000200  __STACK_TOP                   
000022b8  __TI_CINIT_Base               
000022c8  __TI_CINIT_Limit              
000022a0  __TI_Handler_Table_Base       
000022ac  __TI_Handler_Table_Limit      
00001a79  __TI_auto_init_nobinit_nopinit
000017e9  __TI_decompress_lzss          
00001e6f  __TI_decompress_none          
ffffffff  __TI_pprof_out_hndl           
ffffffff  __TI_prof_data_size           
ffffffff  __TI_prof_data_start          
00000000  __TI_static_base__            
00001e11  __TI_zero_init_nomemset       
000019e9  __aeabi_d2iz                  
00001abd  __aeabi_d2uiz                 
0000128f  __aeabi_dadd                  
0000156d  __aeabi_dmul                  
00001285  __aeabi_dsub                  
00001c1d  __aeabi_i2d                   
0000177f  __aeabi_idiv0                 
0000177f  __aeabi_ldiv0                 
00001669  __aeabi_memcpy                
00001669  __aeabi_memcpy4               
00001669  __aeabi_memcpy8               
00001cd9  __aeabi_ui2d                  
00001b01  __aeabi_uidiv                 
00001b01  __aeabi_uidivmod              
ffffffff  __binit__                     
ffffffff  __c_args__                    
UNDEFED   __mpu_init                    
20000000  __stack                       
00001bb1  _c_int00_noargs               
UNDEFED   _system_post_cinit            
00001ef5  _system_pre_init              
00001ef9  abort                         
ffffffff  binit                         
2000022c  cds0                          
20000230  cds1                          
20000234  cds2                          
20000220  cm                            
00000eb9  cmdWrite                      
00000ee5  dataWrite                     
20000238  de_cm                         
2000023c  delay                         
00000000  g_pfnVectors                  
20000240  i                             
20000244  int_cm                        
20000264  lcd_bottom                    
20000258  lcd_top                       
00000469  main                          
00001669  memcpy                        
2000026d  pos                           
0000104b  setPos                        
20000248  timer0_cnt                    
2000024c  timer1_cnt                    
20000250  timer_start                   
00000e5d  toggleEn                      
20000254  ulPeriod                      


GLOBAL SYMBOLS: SORTED BY Symbol Address 

address   name                          
-------   ----                          
00000000  __TI_static_base__            
00000000  g_pfnVectors                  
00000200  __STACK_SIZE                  
00000209  Int_Timer0                    
00000253  Int_Timer1                    
00000267  Int_GPIOM                     
000002e5  Int_GPIOJ                     
00000305  Int_GPIOD                     
00000385  ADCSeq0Handler                
000003a3  ADCSeq1Handler                
000003c1  ADCSeq2Handler                
000003df  Delay                         
00000469  main                          
000009c1  UARTStdioConfig               
00000a07  UARTwrite                     
00000a4d  UARTgets                      
00000b07  UARTgetc                      
00000b2d  UARTvprintf                   
00000e27  UARTprintf                    
00000e5d  toggleEn                      
00000eb9  cmdWrite                      
00000ee5  dataWrite                     
00000f11  LCDInit                       
00000f39  LCDPrintC                     
00000feb  LCDPrintS                     
00001007  LCDPrintC_pos                 
0000102b  LCDPrintS_pos                 
0000104b  setPos                        
00001085  SysCtlClockFreqSet            
00001285  __aeabi_dsub                  
0000128f  __aeabi_dadd                  
0000143b  GPIOPadConfigSet              
0000156d  __aeabi_dmul                  
00001669  __aeabi_memcpy                
00001669  __aeabi_memcpy4               
00001669  __aeabi_memcpy8               
00001669  memcpy                        
00001705  ADCSequenceStepConfigure      
0000177f  __aeabi_idiv0                 
0000177f  __aeabi_ldiv0                 
00001781  IntEnable                     
000017e9  __TI_decompress_lzss          
00001851  TimerConfigure                
000018b1  GPIOIntTypeSet                
00001907  ADCSequenceConfigure          
00001959  GPIOPinConfigure              
000019e9  __aeabi_d2iz                  
00001a31  UARTConfigSetExpClk           
00001a79  __TI_auto_init_nobinit_nopinit
00001abd  __aeabi_d2uiz                 
00001b01  __aeabi_uidiv                 
00001b01  __aeabi_uidivmod              
00001b41  SysCtlPeripheralPresent       
00001b79  SysCtlPeripheralReady         
00001bb1  _c_int00_noargs               
00001be9  SysCtlPeripheralEnable        
00001c1d  __aeabi_i2d                   
00001c4b  GPIODirModeSet                
00001c75  PWMGenConfigure               
00001c99  UARTDisable                   
00001cd9  __aeabi_ui2d                  
00001cf9  ADCSequenceDataGet            
00001d17  PWMPulseWidthSet              
00001d35  ADCClockConfigSet             
00001d4d  ADCProcessorTrigger           
00001d65  GPIOPinTypeGPIOOutput         
00001d7d  PWMClockSet                   
00001d91  UARTEnable                    
00001da5  GPIOPinTypeADC                
00001db7  GPIOPinTypeGPIOInput          
00001dc9  GPIOPinTypePWM                
00001ddb  GPIOPinTypeUART               
00001ded  PWMOutputState                
00001dff  TimerLoadSet                  
00001e11  __TI_zero_init_nomemset       
00001e23  ADCIntEnable                  
00001e33  IntMasterEnable               
00001e43  PWMGenPeriodSet               
00001e53  ADCSequenceEnable             
00001e61  TimerEnable                   
00001e6f  __TI_decompress_none          
00001e7d  CPUcpsie                      
00001e89  GPIOIntEnable                 
00001e95  PWMGenDisable                 
00001ea1  PWMGenEnable                  
00001ead  ResetISR                      
00001eb9  ADCIntClear                   
00001ec3  UARTCharGet                   
00001ecd  UARTCharPut                   
00001ed7  TimerIntEnable                
00001edf  GPIOIntClear                  
00001ee5  GPIOPinRead                   
00001eeb  GPIOPinWrite                  
00001ef1  TimerIntClear                 
00001ef5  _system_pre_init              
00001ef9  C$$EXIT                       
00001ef9  abort                         
000022a0  __TI_Handler_Table_Base       
000022ac  __TI_Handler_Table_Limit      
000022b8  __TI_CINIT_Base               
000022c8  __TI_CINIT_Limit              
20000000  __stack                       
20000200  ADC                           
20000200  __STACK_END                   
20000200  __STACK_TOP                   
20000220  cm                            
20000228  SysClock                      
2000022c  cds0                          
20000230  cds1                          
20000234  cds2                          
20000238  de_cm                         
2000023c  delay                         
20000240  i                             
20000244  int_cm                        
20000248  timer0_cnt                    
2000024c  timer1_cnt                    
20000250  timer_start                   
20000254  ulPeriod                      
20000258  lcd_top                       
20000264  lcd_bottom                    
2000026d  pos                           
ffffffff  __TI_pprof_out_hndl           
ffffffff  __TI_prof_data_size           
ffffffff  __TI_prof_data_start          
ffffffff  __binit__                     
ffffffff  __c_args__                    
ffffffff  binit                         
UNDEFED   __mpu_init                    
UNDEFED   _system_post_cinit            

[129 symbols]
